Component: ARM Compiler 5.06 update 5 (build 528) Tool: armlink [4d35e2]

==============================================================================

Section Cross References

    startup_stm32g431xx.o(RESET) refers to startup_stm32g431xx.o(STACK) for __initial_sp
    startup_stm32g431xx.o(RESET) refers to startup_stm32g431xx.o(.text) for Reset_Handler
    startup_stm32g431xx.o(RESET) refers to stm32g4xx_it.o(i.NMI_Handler) for NMI_Handler
    startup_stm32g431xx.o(RESET) refers to stm32g4xx_it.o(i.HardFault_Handler) for HardFault_Handler
    startup_stm32g431xx.o(RESET) refers to stm32g4xx_it.o(i.MemManage_Handler) for MemManage_Handler
    startup_stm32g431xx.o(RESET) refers to stm32g4xx_it.o(i.BusFault_Handler) for BusFault_Handler
    startup_stm32g431xx.o(RESET) refers to stm32g4xx_it.o(i.UsageFault_Handler) for UsageFault_Handler
    startup_stm32g431xx.o(RESET) refers to stm32g4xx_it.o(i.SVC_Handler) for SVC_Handler
    startup_stm32g431xx.o(RESET) refers to stm32g4xx_it.o(i.DebugMon_Handler) for DebugMon_Handler
    startup_stm32g431xx.o(RESET) refers to stm32g4xx_it.o(i.PendSV_Handler) for PendSV_Handler
    startup_stm32g431xx.o(RESET) refers to stm32g4xx_it.o(i.SysTick_Handler) for SysTick_Handler
    startup_stm32g431xx.o(RESET) refers to stm32g4xx_it.o(i.USART1_IRQHandler) for USART1_IRQHandler
    startup_stm32g431xx.o(RESET) refers to stm32g4xx_it.o(i.TIM6_DAC_IRQHandler) for TIM6_DAC_IRQHandler
    startup_stm32g431xx.o(.text) refers to system_stm32g4xx.o(i.SystemInit) for SystemInit
    startup_stm32g431xx.o(.text) refers to entry.o(.ARM.Collect$$$$00000000) for __main
    main.o(i.KEY_Proc) refers to lcd.o(i.LCD_ClearPrimary) for LCD_ClearPrimary
    main.o(i.KEY_Proc) refers to printf6.o(i.__0printf$6) for __2printf
    main.o(i.KEY_Proc) refers to stm32g4xx_hal_rtc.o(i.HAL_RTC_SetDate) for HAL_RTC_SetDate
    main.o(i.KEY_Proc) refers to lcd.o(i.LCD_DisplayStringLine) for LCD_DisplayStringLine
    main.o(i.KEY_Proc) refers to stm32g4xx_hal_rtc.o(i.HAL_RTC_SetTime) for HAL_RTC_SetTime
    main.o(i.KEY_Proc) refers to interrupt.o(.bss) for key
    main.o(i.KEY_Proc) refers to main.o(.data) for .data
    main.o(i.KEY_Proc) refers to lcd.o(.data) for line_step
    main.o(i.KEY_Proc) refers to main.o(.bss) for .bss
    main.o(i.KEY_Proc) refers to rtc.o(.bss) for hrtc
    main.o(i.LCD_Proc) refers to stm32g4xx_hal_rtc.o(i.HAL_RTC_GetTime) for HAL_RTC_GetTime
    main.o(i.LCD_Proc) refers to stm32g4xx_hal_rtc.o(i.HAL_RTC_GetDate) for HAL_RTC_GetDate
    main.o(i.LCD_Proc) refers to printf6.o(i.__0sprintf$6) for __2sprintf
    main.o(i.LCD_Proc) refers to lcd.o(i.LCD_DisplayStringLine) for LCD_DisplayStringLine
    main.o(i.LCD_Proc) refers to lcd.o(i.LCD_DrawLine) for LCD_DrawLine
    main.o(i.LCD_Proc) refers to lcd.o(i.LCD_ClearPrimary) for LCD_ClearPrimary
    main.o(i.LCD_Proc) refers to lcd.o(i.Line_change_page1) for Line_change_page1
    main.o(i.LCD_Proc) refers to lcd.o(i.Line_change_page5) for Line_change_page5
    main.o(i.LCD_Proc) refers to lcd.o(i.LCD_DrawRect) for LCD_DrawRect
    main.o(i.LCD_Proc) refers to lcd.o(i.LCD_DisplayChar) for LCD_DisplayChar
    main.o(i.LCD_Proc) refers to stm32g4xx_hal.o(.data) for uwTick
    main.o(i.LCD_Proc) refers to main.o(.data) for .data
    main.o(i.LCD_Proc) refers to main.o(.bss) for .bss
    main.o(i.LCD_Proc) refers to rtc.o(.bss) for hrtc
    main.o(i.LCD_Proc) refers to lcd.o(.data) for str_page1
    main.o(i.LCD_Proc) refers to lcd.o(i.LCD_SetBackColor) for LCD_SetBackColor
    main.o(i.LCD_Proc) refers to lcd.o(i.LCD_DisplayString) for LCD_DisplayString
    main.o(i.LED_Proc) refers to bsp_led.o(i.led_ctrl) for led_ctrl
    main.o(i.LED_Proc) refers to stm32g4xx_hal.o(.data) for uwTick
    main.o(i.LED_Proc) refers to main.o(.data) for .data
    main.o(i.LED_Proc) refers to main.o(.bss) for .bss
    main.o(i.SystemClock_Config) refers to memseta.o(.text) for __aeabi_memclr4
    main.o(i.SystemClock_Config) refers to stm32g4xx_hal_pwr_ex.o(i.HAL_PWREx_ControlVoltageScaling) for HAL_PWREx_ControlVoltageScaling
    main.o(i.SystemClock_Config) refers to stm32g4xx_hal_rcc.o(i.HAL_RCC_OscConfig) for HAL_RCC_OscConfig
    main.o(i.SystemClock_Config) refers to stm32g4xx_hal_rcc.o(i.HAL_RCC_ClockConfig) for HAL_RCC_ClockConfig
    main.o(i.SystemClock_Config) refers to stm32g4xx_hal_rcc_ex.o(i.HAL_RCCEx_PeriphCLKConfig) for HAL_RCCEx_PeriphCLKConfig
    main.o(i.USART_Proc) refers to _scanf_int.o(.text) for _scanf_int
    main.o(i.USART_Proc) refers to printf6.o(i.__0printf$6) for __2printf
    main.o(i.USART_Proc) refers to stm32g4xx_hal_uart.o(i.HAL_UART_Receive_IT) for HAL_UART_Receive_IT
    main.o(i.USART_Proc) refers to printf6.o(i.__0sprintf$6) for __2sprintf
    main.o(i.USART_Proc) refers to lcd.o(i.LCD_DisplayStringLine) for LCD_DisplayStringLine
    main.o(i.USART_Proc) refers to usart.o(i.USART_ClearBuff) for USART_ClearBuff
    main.o(i.USART_Proc) refers to lcd.o(i.Myatoi) for Myatoi
[...]
    cdrcmple.s                               0x00000000   Number         0  cdrcmple.o ABSOLUTE
    dc.s                                     0x00000000   Number         0  dc.o ABSOLUTE
    handlers.s                               0x00000000   Number         0  handlers.o ABSOLUTE
    init.s                                   0x00000000   Number         0  init.o ABSOLUTE
    startup_stm32g431xx.s                    0x00000000   Number         0  startup_stm32g431xx.o ABSOLUTE
    RESET                                    0x08000000   Section      472  startup_stm32g431xx.o(RESET)
    .ARM.Collect$$$$00000000                 0x080001d8   Section        0  entry.o(.ARM.Collect$$$$00000000)
    .ARM.Collect$$$$00000001                 0x080001d8   Section        4  entry2.o(.ARM.Collect$$$$00000001)
    .ARM.Collect$$$$00000004                 0x080001dc   Section        4  entry5.o(.ARM.Collect$$$$00000004)
    .ARM.Collect$$$$00000008                 0x080001e0   Section        0  entry7b.o(.ARM.Collect$$$$00000008)
    .ARM.Collect$$$$0000000A                 0x080001e0   Section        0  entry8b.o(.ARM.Collect$$$$0000000A)
    .ARM.Collect$$$$0000000B                 0x080001e0   Section        8  entry9a.o(.ARM.Collect$$$$0000000B)
    .ARM.Collect$$$$0000000D                 0x080001e8   Section        0  entry10a.o(.ARM.Collect$$$$0000000D)
    .ARM.Collect$$$$0000000F                 0x080001e8   Section        0  entry11a.o(.ARM.Collect$$$$0000000F)
    .ARM.Collect$$$$00002712                 0x080001e8   Section        4  entry2.o(.ARM.Collect$$$$00002712)
    __lit__00000000                          0x080001e8   Data           4  entry2.o(.ARM.Collect$$$$00002712)
    .text                                    0x080001ec   Section       36  startup_stm32g431xx.o(.text)
    $v0                                      0x080001ec   Number         0  startup_stm32g431xx.o(.text)
    .text                                    0x08000210   Section        0  uldiv.o(.text)
    .text                                    0x08000272   Section        0  memseta.o(.text)
    .text                                    0x08000296   Section        0  strcmp.o(.text)
    .text                                    0x080002b4   Section        0  __0sscanf.o(.text)
    .text                                    0x080002ec   Section        0  _scanf_int.o(.text)
    .text                                    0x08000438   Section        0  dmul.o(.text)
    .text                                    0x0800051c   Section        0  dflti.o(.text)
    .text                                    0x0800053e   Section        0  dfixi.o(.text)
    .text                                    0x0800057c   Section        0  uidiv.o(.text)
    .text                                    0x080005a8   Section        0  llshl.o(.text)
    .text                                    0x080005c6   Section        0  llushr.o(.text)
    .text                                    0x080005e6   Section        0  _chval.o(.text)
    .text                                    0x08000604   Section        0  scanf_char.o(.text)
    _scanf_char_input                        0x08000605   Thumb Code    12  scanf_char.o(.text)
    .text                                    0x0800062c   Section        0  _sgetc.o(.text)
    .text                                    0x0800066c   Section        0  iusefp.o(.text)
    .text                                    0x0800066c   Section        0  depilogue.o(.text)
    .text                                    0x08000728   Section       36  init.o(.text)
    .text                                    0x0800074c   Section        0  isspace_c.o(.text)
    .text                                    0x08000758   Section        0  _scanf.o(.text)
    .text                                    0x08000a84   Section        0  ctype_c.o(.text)
    .text                                    0x08000aac   Section        0  __dczerorl2.o(.text)
    i.ADC_Enable                             0x08000b04   Section        0  stm32g4xx_hal_adc.o(i.ADC_Enable)
    i.BusFault_Handler                       0x08000b6c   Section        0  stm32g4xx_it.o(i.BusFault_Handler)
    i.DebugMon_Handler                       0x08000b6e   Section        0  stm32g4xx_it.o(i.DebugMon_Handler)
    i.Delay_LCD                              0x08000b70   Section        0  lcd.o(i.Delay_LCD)
    i.Error_Handler                          0x08000b8c   Section        0  main.o(i.Error_Handler)
    i.HAL_ADCEx_MultiModeConfigChannel       0x08000b90   Section        0  stm32g4xx_hal_adc_ex.o(i.HAL_ADCEx_MultiModeConfigChannel)
    i.HAL_ADC_ConfigChannel                  0x08000c64   Section        0  stm32g4xx_hal_adc.o(i.HAL_ADC_ConfigChannel)
    i.HAL_ADC_GetValue                       0x08001084   Section        0  stm32g4xx_hal_adc.o(i.HAL_ADC_GetValue)
    i.HAL_ADC_Init                           0x0800108c   Section        0  stm32g4xx_hal_adc.o(i.HAL_ADC_Init)
    i.HAL_ADC_MspInit                        0x08001284   Section        0  adc.o(i.HAL_ADC_MspInit)
    i.HAL_ADC_Start                          0x08001328   Section        0  stm32g4xx_hal_adc.o(i.HAL_ADC_Start)
    i.HAL_DMA_Abort_IT                       0x0800141c   Section        0  stm32g4xx_hal_dma.o(i.HAL_DMA_Abort_IT)
    i.HAL_Delay                              0x08001494   Section        0  stm32g4xx_hal.o(i.HAL_Delay)
    i.HAL_GPIO_Init                          0x080014b8   Section        0  stm32g4xx_hal_gpio.o(i.HAL_GPIO_Init)
    i.HAL_GPIO_ReadPin                       0x08001680   Section        0  stm32g4xx_hal_gpio.o(i.HAL_GPIO_ReadPin)
    i.HAL_GPIO_WritePin                      0x0800168a   Section        0  stm32g4xx_hal_gpio.o(i.HAL_GPIO_WritePin)
    i.HAL_GetTick                            0x08001694   Section        0  stm32g4xx_hal.o(i.HAL_GetTick)
    i.HAL_IncTick                            0x080016a0   Section        0  stm32g4xx_hal.o(i.HAL_IncTick)
    i.HAL_Init                               0x080016b0   Section        0  stm32g4xx_hal.o(i.HAL_Init)
    i.HAL_InitTick                           0x080016d0   Section        0  stm32g4xx_hal.o(i.HAL_InitTick)
    i.HAL_MspInit                            0x08001714   Section        0  stm32g4xx_hal_msp.o(i.HAL_MspInit)
    i.HAL_NVIC_EnableIRQ                     0x0800174c   Section        0  stm32g4xx_hal_cortex.o(i.HAL_NVIC_EnableIRQ)
    i.HAL_NVIC_SetPriority                   0x08001768   Section        0  stm32g4xx_hal_cortex.o(i.HAL_NVIC_SetPriority)
    i.HAL_NVIC_SetPriorityGrouping           0x080017a8   Section        0  stm32g4xx_hal_cortex.o(i.HAL_NVIC_SetPriorityGrouping)
    i.HAL_PWREx_ControlVoltageScaling        0x080017cc   Section        0  stm32g4xx_hal_pwr_ex.o(i.HAL_PWREx_ControlVoltageScaling)
    i.HAL_RCCEx_PeriphCLKConfig              0x08001888   Section        0  stm32g4xx_hal_rcc_ex.o(i.HAL_RCCEx_PeriphCLKConfig)
    i.HAL_RCC_ClockConfig                    0x08001b10   Section        0  stm32g4xx_hal_rcc.o(i.HAL_RCC_ClockConfig)
    i.HAL_RCC_GetPCLK1Freq                   0x08001cec   Section        0  stm32g4xx_hal_rcc.o(i.HAL_RCC_GetPCLK1Freq)
    i.HAL_RCC_GetPCLK2Freq                   0x08001d10   Section        0  stm32g4xx_hal_rcc.o(i.HAL_RCC_GetPCLK2Freq)
    i.HAL_RCC_GetSysClockFreq                0x08001d34   Section        0  stm32g4xx_hal_rcc.o(i.HAL_RCC_GetSysClockFreq)
    i.HAL_RCC_OscConfig                      0x08001da4   Section        0  stm32g4xx_hal_rcc.o(i.HAL_RCC_OscConfig)
    i.HAL_RTC_GetDate                        0x080021b0   Section        0  stm32g4xx_hal_rtc.o(i.HAL_RTC_GetDate)
    i.HAL_RTC_GetTime                        0x080021f8   Section        0  stm32g4xx_hal_rtc.o(i.HAL_RTC_GetTime)
    i.HAL_RTC_Init                           0x08002254   Section        0  stm32g4xx_hal_rtc.o(i.HAL_RTC_Init)
    i.HAL_RTC_MspInit                        0x080022e8   Section        0  rtc.o(i.HAL_RTC_MspInit)
    i.HAL_RTC_SetDate                        0x08002308   Section        0  stm32g4xx_hal_rtc.o(i.HAL_RTC_SetDate)
    i.HAL_RTC_SetTime                        0x080023b0   Section        0  stm32g4xx_hal_rtc.o(i.HAL_RTC_SetTime)
    i.HAL_RTC_WaitForSynchro                 0x08002480   Section        0  stm32g4xx_hal_rtc.o(i.HAL_RTC_WaitForSynchro)
    i.HAL_SYSTICK_Config                     0x080024b4   Section        0  stm32g4xx_hal_cortex.o(i.HAL_SYSTICK_Config)
    i.HAL_TIMEx_Break2Callback               0x080024dc   Section        0  stm32g4xx_hal_tim_ex.o(i.HAL_TIMEx_Break2Callback)
    i.HAL_TIMEx_BreakCallback                0x080024de   Section        0  stm32g4xx_hal_tim_ex.o(i.HAL_TIMEx_BreakCallback)
    i.HAL_TIMEx_CommutCallback               0x080024e0   Section        0  stm32g4xx_hal_tim_ex.o(i.HAL_TIMEx_CommutCallback)
    i.HAL_TIMEx_DirectionChangeCallback      0x080024e2   Section        0  stm32g4xx_hal_tim_ex.o(i.HAL_TIMEx_DirectionChangeCallback)
    i.HAL_TIMEx_EncoderIndexCallback         0x080024e4   Section        0  stm32g4xx_hal_tim_ex.o(i.HAL_TIMEx_EncoderIndexCallback)
    i.HAL_TIMEx_IndexErrorCallback           0x080024e6   Section        0  stm32g4xx_hal_tim_ex.o(i.HAL_TIMEx_IndexErrorCallback)
    i.HAL_TIMEx_MasterConfigSynchronization  0x080024e8   Section        0  stm32g4xx_hal_tim_ex.o(i.HAL_TIMEx_MasterConfigSynchronization)
    i.HAL_TIMEx_TransitionErrorCallback      0x08002584   Section        0  stm32g4xx_hal_tim_ex.o(i.HAL_TIMEx_TransitionErrorCallback)
    i.HAL_TIM_Base_Init                      0x08002586   Section        0  stm32g4xx_hal_tim.o(i.HAL_TIM_Base_Init)
    i.HAL_TIM_Base_MspInit                   0x080025e8   Section        0  tim.o(i.HAL_TIM_Base_MspInit)
    i.HAL_TIM_Base_Start_IT                  0x0800264c   Section        0  stm32g4xx_hal_tim.o(i.HAL_TIM_Base_Start_IT)
    i.HAL_TIM_IC_CaptureCallback             0x0800268c   Section        0  stm32g4xx_hal_tim.o(i.HAL_TIM_IC_CaptureCallback)
    i.HAL_TIM_IRQHandler                     0x0800268e   Section        0  stm32g4xx_hal_tim.o(i.HAL_TIM_IRQHandler)
    i.HAL_TIM_OC_DelayElapsedCallback        0x0800288a   Section        0  stm32g4xx_hal_tim.o(i.HAL_TIM_OC_DelayElapsedCallback)
    i.HAL_TIM_PWM_PulseFinishedCallback      0x0800288c   Section        0  stm32g4xx_hal_tim.o(i.HAL_TIM_PWM_PulseFinishedCallback)
    i.HAL_TIM_PeriodElapsedCallback          0x08002890   Section        0  interrupt.o(i.HAL_TIM_PeriodElapsedCallback)
    i.HAL_TIM_TriggerCallback                0x08002958   Section        0  stm32g4xx_hal_tim.o(i.HAL_TIM_TriggerCallback)
    i.HAL_UARTEx_DisableFifoMode             0x0800295a   Section        0  stm32g4xx_hal_uart_ex.o(i.HAL_UARTEx_DisableFifoMode)
    i.HAL_UARTEx_RxFifoFullCallback          0x08002998   Section        0  stm32g4xx_hal_uart_ex.o(i.HAL_UARTEx_RxFifoFullCallback)
    i.HAL_UARTEx_SetRxFifoThreshold          0x0800299a   Section        0  stm32g4xx_hal_uart_ex.o(i.HAL_UARTEx_SetRxFifoThreshold)
    i.HAL_UARTEx_SetTxFifoThreshold          0x080029e6   Section        0  stm32g4xx_hal_uart_ex.o(i.HAL_UARTEx_SetTxFifoThreshold)
    i.HAL_UARTEx_TxFifoEmptyCallback         0x08002a32   Section        0  stm32g4xx_hal_uart_ex.o(i.HAL_UARTEx_TxFifoEmptyCallback)
    i.HAL_UARTEx_WakeupCallback              0x08002a34   Section        0  stm32g4xx_hal_uart_ex.o(i.HAL_UARTEx_WakeupCallback)
    i.HAL_UART_ErrorCallback                 0x08002a36   Section        0  stm32g4xx_hal_uart.o(i.HAL_UART_ErrorCallback)
    i.HAL_UART_IRQHandler                    0x08002a38   Section        0  stm32g4xx_hal_uart.o(i.HAL_UART_IRQHandler)
    i.HAL_UART_Init                          0x08002bd4   Section        0  stm32g4xx_hal_uart.o(i.HAL_UART_Init)
    i.HAL_UART_MspInit                       0x08002c40   Section        0  usart.o(i.HAL_UART_MspInit)
    i.HAL_UART_Receive_IT                    0x08002cb4   Section        0  stm32g4xx_hal_uart.o(i.HAL_UART_Receive_IT)
    i.HAL_UART_RxCpltCallback                0x08002db0   Section        0  interrupt.o(i.HAL_UART_RxCpltCallback)
    i.HAL_UART_Transmit                      0x08002dd4   Section        0  stm32g4xx_hal_uart.o(i.HAL_UART_Transmit)
    i.HAL_UART_TxCpltCallback                0x08002e90   Section        0  stm32g4xx_hal_uart.o(i.HAL_UART_TxCpltCallback)
    i.HardFault_Handler                      0x08002e92   Section        0  stm32g4xx_it.o(i.HardFault_Handler)
    i.KEY_Proc                               0x08002e94   Section        0  main.o(i.KEY_Proc)
    i.LCD_BusIn                              0x080033c8   Section        0  lcd.o(i.LCD_BusIn)
    i.LCD_BusOut                             0x080033f4   Section        0  lcd.o(i.LCD_BusOut)
    i.LCD_Clear                              0x08003424   Section        0  lcd.o(i.LCD_Clear)
    i.LCD_ClearPrimary                       0x08003448   Section        0  lcd.o(i.LCD_ClearPrimary)
    i.LCD_CtrlLinesConfig                    0x080034a8   Section        0  lcd.o(i.LCD_CtrlLinesConfig)
    i.LCD_DisplayChar                        0x08003538   Section        0  lcd.o(i.LCD_DisplayChar)
    i.LCD_DisplayString                      0x08003550   Section        0  lcd.o(i.LCD_DisplayString)
    i.LCD_DisplayStringLine                  0x0800357c   Section        0  lcd.o(i.LCD_DisplayStringLine)
    i.LCD_DrawChar                           0x080035a8   Section        0  lcd.o(i.LCD_DrawChar)
    i.LCD_DrawLine                           0x08003600   Section        0  lcd.o(i.LCD_DrawLine)
    i.LCD_DrawRect                           0x08003654   Section        0  lcd.o(i.LCD_DrawRect)
    i.LCD_Init                               0x08003694   Section        0  lcd.o(i.LCD_Init)
    i.LCD_Proc                               0x080036c8   Section        0  main.o(i.LCD_Proc)
    i.LCD_ReadReg                            0x08004134   Section        0  lcd.o(i.LCD_ReadReg)
    i.LCD_SetBackColor                       0x080041b4   Section        0  lcd.o(i.LCD_SetBackColor)
    i.LCD_SetCursor                          0x080041c4   Section        0  lcd.o(i.LCD_SetCursor)
    i.LCD_SetTextColor                       0x080041dc   Section        0  lcd.o(i.LCD_SetTextColor)
    i.LCD_WriteRAM                           0x080041ec   Section        0  lcd.o(i.LCD_WriteRAM)
    i.LCD_WriteRAM_Prepare                   0x08004244   Section        0  lcd.o(i.LCD_WriteRAM_Prepare)
    i.LCD_WriteReg                           0x080042a0   Section        0  lcd.o(i.LCD_WriteReg)
    i.LED_Proc                               0x0800430c   Section        0  main.o(i.LED_Proc)
    i.LL_ADC_GetOffsetChannel                0x08004490   Section        0  stm32g4xx_hal_adc.o(i.LL_ADC_GetOffsetChannel)
    LL_ADC_GetOffsetChannel                  0x08004491   Thumb Code    12  stm32g4xx_hal_adc.o(i.LL_ADC_GetOffsetChannel)
    i.LL_ADC_INJ_IsConversionOngoing         0x0800449c   Section        0  stm32g4xx_hal_adc.o(i.LL_ADC_INJ_IsConversionOngoing)
    LL_ADC_INJ_IsConversionOngoing           0x0800449d   Thumb Code     8  stm32g4xx_hal_adc.o(i.LL_ADC_INJ_IsConversionOngoing)
    i.LL_ADC_REG_IsConversionOngoing         0x080044a4   Section        0  stm32g4xx_hal_adc.o(i.LL_ADC_REG_IsConversionOngoing)
    LL_ADC_REG_IsConversionOngoing           0x080044a5   Thumb Code     8  stm32g4xx_hal_adc.o(i.LL_ADC_REG_IsConversionOngoing)
    i.LL_ADC_REG_IsConversionOngoing         0x080044ac   Section        0  stm32g4xx_hal_adc_ex.o(i.LL_ADC_REG_IsConversionOngoing)
    LL_ADC_REG_IsConversionOngoing           0x080044ad   Thumb Code     8  stm32g4xx_hal_adc_ex.o(i.LL_ADC_REG_IsConversionOngoing)
    i.LL_ADC_SetChannelSamplingTime          0x080044b4   Section        0  stm32g4xx_hal_adc.o(i.LL_ADC_SetChannelSamplingTime)
    LL_ADC_SetChannelSamplingTime            0x080044b5   Thumb Code    30  stm32g4xx_hal_adc.o(i.LL_ADC_SetChannelSamplingTime)
    i.LL_ADC_SetOffsetState                  0x080044d2   Section        0  stm32g4xx_hal_adc.o(i.LL_ADC_SetOffsetState)
    LL_ADC_SetOffsetState                    0x080044d3   Thumb Code    16  stm32g4xx_hal_adc.o(i.LL_ADC_SetOffsetState)
    i.Line_change_page1                      0x080044e4   Section        0  lcd.o(i.Line_change_page1)
    i.Line_change_page5                      0x080045c8   Section        0  lcd.o(i.Line_change_page5)
    i.MX_ADC1_Init                           0x080046b0   Section        0  adc.o(i.MX_ADC1_Init)
    i.MX_ADC2_Init                           0x0800473c   Section        0  adc.o(i.MX_ADC2_Init)
    i.MX_GPIO_Init                           0x080047b4   Section        0  gpio.o(i.MX_GPIO_Init)
    i.MX_RTC_Init                            0x080048dc   Section        0  rtc.o(i.MX_RTC_Init)
    i.MX_TIM6_Init                           0x0800496c   Section        0  tim.o(i.MX_TIM6_Init)
    i.MX_TIM7_Init                           0x080049b4   Section        0  tim.o(i.MX_TIM7_Init)
    i.MX_USART1_UART_Init                    0x080049fc   Section        0  usart.o(i.MX_USART1_UART_Init)
    i.MemManage_Handler                      0x08004a64   Section        0  stm32g4xx_it.o(i.MemManage_Handler)
    i.Myatoi                                 0x08004a68   Section        0  lcd.o(i.Myatoi)
    i.NMI_Handler                            0x08004a88   Section        0  stm32g4xx_it.o(i.NMI_Handler)
    i.PendSV_Handler                         0x08004a8a   Section        0  stm32g4xx_it.o(i.PendSV_Handler)
    i.REG_8230_Init                          0x08004a8c   Section        0  lcd.o(i.REG_8230_Init)
    i.REG_932X_Init                          0x08004b9e   Section        0  lcd.o(i.REG_932X_Init)
    i.RTC_Bcd2ToByte                         0x08004da0   Section        0  stm32g4xx_hal_rtc.o(i.RTC_Bcd2ToByte)
    i.RTC_ByteToBcd2                         0x08004db2   Section        0  stm32g4xx_hal_rtc.o(i.RTC_ByteToBcd2)
    i.RTC_EnterInitMode                      0x08004dcc   Section        0  stm32g4xx_hal_rtc.o(i.RTC_EnterInitMode)
    i.RTC_ExitInitMode                       0x08004e18   Section        0  stm32g4xx_hal_rtc.o(i.RTC_ExitInitMode)
    i.SVC_Handler                            0x08004e70   Section        0  stm32g4xx_it.o(i.SVC_Handler)
    i.SysTick_Handler                        0x08004e72   Section        0  stm32g4xx_it.o(i.SysTick_Handler)
    i.SystemClock_Config                     0x08004e78   Section        0  main.o(i.SystemClock_Config)
    i.SystemInit                             0x08004efc   Section        0  system_stm32g4xx.o(i.SystemInit)
    i.TIM6_DAC_IRQHandler                    0x08004f18   Section        0  stm32g4xx_it.o(i.TIM6_DAC_IRQHandler)
    i.TIM_Base_SetConfig                     0x08004f24   Section        0  stm32g4xx_hal_tim.o(i.TIM_Base_SetConfig)
    i.UARTEx_SetNbDataToProcess              0x08004fd4   Section        0  stm32g4xx_hal_uart_ex.o(i.UARTEx_SetNbDataToProcess)
    UARTEx_SetNbDataToProcess                0x08004fd5   Thumb Code    82  stm32g4xx_hal_uart_ex.o(i.UARTEx_SetNbDataToProcess)
    i.UART_AdvFeatureConfig                  0x08005038   Section        0  stm32g4xx_hal_uart.o(i.UART_AdvFeatureConfig)
    i.UART_CheckIdleState                    0x08005100   Section        0  stm32g4xx_hal_uart.o(i.UART_CheckIdleState)
    i.UART_DMAAbortOnError                   0x0800515e   Section        0  stm32g4xx_hal_uart.o(i.UART_DMAAbortOnError)
    UART_DMAAbortOnError                     0x0800515f   Thumb Code    20  stm32g4xx_hal_uart.o(i.UART_DMAAbortOnError)
    i.UART_EndRxTransfer                     0x08005174   Section        0  stm32g4xx_hal_uart.o(i.UART_EndRxTransfer)
    UART_EndRxTransfer                       0x08005175   Thumb Code    32  stm32g4xx_hal_uart.o(i.UART_EndRxTransfer)
    i.UART_RxISR_16BIT                       0x08005198   Section        0  stm32g4xx_hal_uart.o(i.UART_RxISR_16BIT)
    UART_RxISR_16BIT                         0x08005199   Thumb Code    94  stm32g4xx_hal_uart.o(i.UART_RxISR_16BIT)
    i.UART_RxISR_16BIT_FIFOEN                0x080051f8   Section        0  stm32g4xx_hal_uart.o(i.UART_RxISR_16BIT_FIFOEN)
    UART_RxISR_16BIT_FIFOEN                  0x080051f9   Thumb Code   152  stm32g4xx_hal_uart.o(i.UART_RxISR_16BIT_FIFOEN)
    i.UART_RxISR_8BIT                        0x08005298   Section        0  stm32g4xx_hal_uart.o(i.UART_RxISR_8BIT)
    UART_RxISR_8BIT                          0x08005299   Thumb Code    94  stm32g4xx_hal_uart.o(i.UART_RxISR_8BIT)
    i.UART_RxISR_8BIT_FIFOEN                 0x080052f8   Section        0  stm32g4xx_hal_uart.o(i.UART_RxISR_8BIT_FIFOEN)
    UART_RxISR_8BIT_FIFOEN                   0x080052f9   Thumb Code   152  stm32g4xx_hal_uart.o(i.UART_RxISR_8BIT_FIFOEN)
    i.UART_SetConfig                         0x08005398   Section        0  stm32g4xx_hal_uart.o(i.UART_SetConfig)
    i.UART_WaitOnFlagUntilTimeout            0x08005b3e   Section        0  stm32g4xx_hal_uart.o(i.UART_WaitOnFlagUntilTimeout)
    i.USART1_IRQHandler                      0x08005ba4   Section        0  stm32g4xx_it.o(i.USART1_IRQHandler)
    i.USART_ClearBuff                        0x08005bb0   Section        0  usart.o(i.USART_ClearBuff)
    i.USART_Proc                             0x08005bd4   Section        0  main.o(i.USART_Proc)
    i.UsageFault_Handler                     0x08006ed4   Section        0  stm32g4xx_it.o(i.UsageFault_Handler)
    i.__0printf$6                            0x08006ed8   Section        0  printf6.o(i.__0printf$6)
    i.__0sprintf$6                           0x08006ef8   Section        0  printf6.o(i.__0sprintf$6)
    i.__NVIC_SetPriority                     0x08006f20   Section        0  stm32g4xx_hal_cortex.o(i.__NVIC_SetPriority)
    __NVIC_SetPriority                       0x08006f21   Thumb Code    32  stm32g4xx_hal_cortex.o(i.__NVIC_SetPriority)
    i.__scatterload_copy                     0x08006f40   Section       14  handlers.o(i.__scatterload_copy)
    i.__scatterload_null                     0x08006f4e   Section        2  handlers.o(i.__scatterload_null)
    i.__scatterload_zeroinit                 0x08006f50   Section       14  handlers.o(i.__scatterload_zeroinit)
    i._printf_core                           0x08006f60   Section        0  printf6.o(i._printf_core)
    _printf_core                             0x08006f61   Thumb Code   748  printf6.o(i._printf_core)
    i._printf_post_padding                   0x08007250   Section        0  printf6.o(i._printf_post_padding)
    _printf_post_padding                     0x08007251   Thumb Code    36  printf6.o(i._printf_post_padding)
    i._printf_pre_padding                    0x08007274   Section        0  printf6.o(i._printf_pre_padding)
    _printf_pre_padding                      0x08007275   Thumb Code    46  printf6.o(i._printf_pre_padding)
    i._sputc                                 0x080072a2   Section        0  printf6.o(i._sputc)
    _sputc                                   0x080072a3   Thumb Code    10  printf6.o(i._sputc)
    i.fputc                                  0x080072ac   Section        0  main.o(i.fputc)
    i.led_ctrl                               0x080072c4   Section        0  bsp_led.o(i.led_ctrl)
    i.led_init                               0x08007304   Section        0  bsp_led.o(i.led_init)
    i.main                                   0x08007334   Section        0  main.o(i.main)
    .constdata                               0x080073a4   Section       16  system_stm32g4xx.o(.constdata)
    .constdata                               0x080073b4   Section        8  system_stm32g4xx.o(.constdata)
    .constdata                               0x080073bc   Section     4560  lcd.o(.constdata)
    .constdata                               0x0800858c   Section       64  ctype_c.o(.constdata)
    .conststring                             0x080085cc   Section       80  main.o(.conststring)
    .data                                    0x20000000   Section       60  main.o(.data)
    .data                                    0x2000003c   Section        4  adc.o(.data)
    HAL_RCC_ADC12_CLK_ENABLED                0x2000003c   Data           4  adc.o(.data)
    .data                                    0x20000040   Section       12  stm32g4xx_hal.o(.data)
    .data                                    0x2000004c   Section        4  system_stm32g4xx.o(.data)
    .data                                    0x20000050   Section        2  interrupt.o(.data)
    .data                                    0x20000054   Section      290  lcd.o(.data)
    j                                        0x20000058   Data           1  lcd.o(.data)
    TextColor                                0x2000005c   Data           2  lcd.o(.data)
    BackColor                                0x2000005e   Data           2  lcd.o(.data)
    .data                                    0x20000178   Section        4  stdout.o(.data)
    .bss                                     0x2000017c   Section     1180  main.o(.bss)
    .bss                                     0x20000618   Section      216  adc.o(.bss)
    .bss                                     0x200006f0   Section       40  rtc.o(.bss)
    .bss                                     0x20000718   Section      152  tim.o(.bss)
    .bss                                     0x200007b0   Section      140  usart.o(.bss)
    .bss                                     0x2000083c   Section       54  interrupt.o(.bss)
    STACK                                    0x20000878   Section     1024  startup_stm32g431xx.o(STACK)

    Global Symbols

    Symbol Name                              Value     Ov Type        Size  Object(Section)

    BuildAttributes$$THM_ISAv4$E$P$D$K$B$S$7EM$VFPi3$EXTD16$VFPS$VFMA$PE$A:L22UL41UL21$X:L11$S22US41US21$IEEE1$IW$USESV6$~STKCKD$USESV7$~SHL$OSPACE$ROPI$EBA8$MICROLIB$REQ8$PRES8$EABIv2 0x00000000   Number         0  anon$$obj.o ABSOLUTE
    __ARM_use_no_argv                        0x00000000   Number         0  main.o ABSOLUTE
    _printf_a                                0x00000000   Number         0  stubs.o ABSOLUTE
    _printf_c                                0x00000000   Number         0  stubs.o ABSOLUTE
    _printf_charcount                        0x00000000   Number         0  stubs.o ABSOLUTE
    _printf_d                                0x00000000   Number         0  stubs.o ABSOLUTE
    _printf_e                                0x00000000   Number         0  stubs.o ABSOLUTE
    _printf_f                                0x00000000   Number         0  stubs.o ABSOLUTE
    _printf_flags                            0x00000000   Number         0  stubs.o ABSOLUTE
    _printf_fp_dec                           0x00000000   Number         0  stubs.o ABSOLUTE
    _printf_fp_hex                           0x00000000   Number         0  stubs.o ABSOLUTE
    _printf_g                                0x00000000   Number         0  stubs.o ABSOLUTE
    _printf_i                                0x00000000   Number         0  stubs.o ABSOLUTE
    _printf_int_dec                          0x00000000   Number         0  stubs.o ABSOLUTE
    _printf_l                                0x00000000   Number         0  stubs.o ABSOLUTE
    _printf_lc                               0x00000000   Number         0  stubs.o ABSOLUTE
    _printf_ll                               0x00000000   Number         0  stubs.o ABSOLUTE
    _printf_lld                              0x00000000   Number         0  stubs.o ABSOLUTE
    _printf_lli                              0x00000000   Number         0  stubs.o ABSOLUTE
    _printf_llo                              0x00000000   Number         0  stubs.o ABSOLUTE
    _printf_llu                              0x00000000   Number         0  stubs.o ABSOLUTE
    _printf_llx                              0x00000000   Number         0  stubs.o ABSOLUTE
    _printf_longlong_dec                     0x00000000   Number         0  stubs.o ABSOLUTE
    _printf_longlong_hex                     0x00000000   Number         0  stubs.o ABSOLUTE
    _printf_longlong_oct                     0x00000000   Number         0  stubs.o ABSOLUTE
    _printf_ls                               0x00000000   Number         0  stubs.o ABSOLUTE
    _printf_mbtowc                           0x00000000   Number         0  stubs.o ABSOLUTE
    _printf_n                                0x00000000   Number         0  stubs.o ABSOLUTE
    _printf_o                                0x00000000   Number         0  stubs.o ABSOLUTE
    _printf_p                                0x00000000   Number         0  stubs.o ABSOLUTE
    _printf_percent                          0x00000000   Number         0  stubs.o ABSOLUTE
    _printf_pre_padding                      0x00000000   Number         0  stubs.o ABSOLUTE
    _printf_return_value                     0x00000000   Number         0  stubs.o ABSOLUTE
    _printf_s                                0x00000000   Number         0  stubs.o ABSOLUTE
    _printf_sizespec                         0x00000000   Number         0  stubs.o ABSOLUTE
    _printf_str                              0x00000000   Number         0  stubs.o ABSOLUTE
    _printf_truncate_signed                  0x00000000   Number         0  stubs.o ABSOLUTE
    _printf_truncate_unsigned                0x00000000   Number         0  stubs.o ABSOLUTE
    _printf_u                                0x00000000   Number         0  stubs.o ABSOLUTE
    _printf_wc                               0x00000000   Number         0  stubs.o ABSOLUTE
    _printf_wctomb                           0x00000000   Number         0  stubs.o ABSOLUTE
    _printf_widthprec                        0x00000000   Number         0  stubs.o ABSOLUTE
    _printf_x                                0x00000000   Number         0  stubs.o ABSOLUTE
    __cpp_initialize__aeabi_                  - Undefined Weak Reference
    __cxa_finalize                            - Undefined Weak Reference
    _clock_init                               - Undefined Weak Reference
    _microlib_exit                            - Undefined Weak Reference
    _scanf_longlong                           - Undefined Weak Reference
    _scanf_real                               - Undefined Weak Reference
    _scanf_string                             - Undefined Weak Reference
    __Vectors_Size                           0x000001d8   Number         0  startup_stm32g431xx.o ABSOLUTE
    __Vectors                                0x08000000   Data           4  startup_stm32g431xx.o(RESET)
    __Vectors_End                            0x080001d8   Data           0  startup_stm32g431xx.o(RESET)
    __main                                   0x080001d9   Thumb Code     0  entry.o(.ARM.Collect$$$$00000000)
    _main_stk                                0x080001d9   Thumb Code     0  entry2.o(.ARM.Collect$$$$00000001)
    _main_scatterload                        0x080001dd   Thumb Code     0  entry5.o(.ARM.Collect$$$$00000004)
    __main_after_scatterload                 0x080001e1   Thumb Code     0  entry5.o(.ARM.Collect$$$$00000004)
    _main_clock                              0x080001e1   Thumb Code     0  entry7b.o(.ARM.Collect$$$$00000008)
    _main_cpp_init                           0x080001e1   Thumb Code     0  entry8b.o(.ARM.Collect$$$$0000000A)
    _main_init                               0x080001e1   Thumb Code     0  entry9a.o(.ARM.Collect$$$$0000000B)
    __rt_final_cpp                           0x080001e9   Thumb Code     0  entry10a.o(.ARM.Collect$$$$0000000D)
    __rt_final_exit                          0x080001e9   Thumb Code     0  entry11a.o(.ARM.Collect$$$$0000000F)
    Reset_Handler                            0x080001ed   Thumb Code     8  startup_stm32g431xx.o(.text)
    ADC1_2_IRQHandler                        0x08000207   Thumb Code     0  startup_stm32g431xx.o(.text)
    COMP1_2_3_IRQHandler                     0x08000207   Thumb Code     0  startup_stm32g431xx.o(.text)
    COMP4_IRQHandler                         0x08000207   Thumb Code     0  startup_stm32g431xx.o(.text)
    CORDIC_IRQHandler                        0x08000207   Thumb Code     0  startup_stm32g431xx.o(.text)
    CRS_IRQHandler                           0x08000207   Thumb Code     0  startup_stm32g431xx.o(.text)
    DMA1_Channel1_IRQHandler                 0x08000207   Thumb Code     0  startup_stm32g431xx.o(.text)
    DMA1_Channel2_IRQHandler                 0x08000207   Thumb Code     0  startup_stm32g431xx.o(.text)
    DMA1_Channel3_IRQHandler                 0x08000207   Thumb Code     0  startup_stm32g431xx.o(.text)
    DMA1_Channel4_IRQHandler                 0x08000207   Thumb Code     0  startup_stm32g431xx.o(.text)
    DMA1_Channel5_IRQHandler                 0x08000207   Thumb Code     0  startup_stm32g431xx.o(.text)
    DMA1_Channel6_IRQHandler                 0x08000207   Thumb Code     0  startup_stm32g431xx.o(.text)
    DMA2_Channel1_IRQHandler                 0x08000207   Thumb Code     0  startup_stm32g431xx.o(.text)
    DMA2_Channel2_IRQHandler                 0x08000207   Thumb Code     0  startup_stm32g431xx.o(.text)
    DMA2_Channel3_IRQHandler                 0x08000207   Thumb Code     0  startup_stm32g431xx.o(.text)
    DMA2_Channel4_IRQHandler                 0x08000207   Thumb Code     0  startup_stm32g431xx.o(.text)
    DMA2_Channel5_IRQHandler                 0x08000207   Thumb Code     0  startup_stm32g431xx.o(.text)
    DMA2_Channel6_IRQHandler                 0x08000207   Thumb Code     0  startup_stm32g431xx.o(.text)
    DMAMUX_OVR_IRQHandler                    0x08000207   Thumb Code     0  startup_stm32g431xx.o(.text)
    EXTI0_IRQHandler                         0x08000207   Thumb Code     0  startup_stm32g431xx.o(.text)
    EXTI15_10_IRQHandler                     0x08000207   Thumb Code     0  startup_stm32g431xx.o(.text)
    EXTI1_IRQHandler                         0x08000207   Thumb Code     0  startup_stm32g431xx.o(.text)
    EXTI2_IRQHandler                         0x08000207   Thumb Code     0  startup_stm32g431xx.o(.text)
    EXTI3_IRQHandler                         0x08000207   Thumb Code     0  startup_stm32g431xx.o(.text)
    EXTI4_IRQHandler                         0x08000207   Thumb Code     0  startup_stm32g431xx.o(.text)
    EXTI9_5_IRQHandler                       0x08000207   Thumb Code     0  startup_stm32g431xx.o(.text)
    FDCAN1_IT0_IRQHandler                    0x08000207   Thumb Code     0  startup_stm32g431xx.o(.text)
    FDCAN1_IT1_IRQHandler                    0x08000207   Thumb Code     0  startup_stm32g431xx.o(.text)
    FLASH_IRQHandler                         0x08000207   Thumb Code     0  startup_stm32g431xx.o(.text)
    FMAC_IRQHandler                          0x08000207   Thumb Code     0  startup_stm32g431xx.o(.text)
    FPU_IRQHandler                           0x08000207   Thumb Code     0  startup_stm32g431xx.o(.text)
    I2C1_ER_IRQHandler                       0x08000207   Thumb Code     0  startup_stm32g431xx.o(.text)
    I2C1_EV_IRQHandler                       0x08000207   Thumb Code     0  startup_stm32g431xx.o(.text)
    I2C2_ER_IRQHandler                       0x08000207   Thumb Code     0  startup_stm32g431xx.o(.text)
    I2C2_EV_IRQHandler                       0x08000207   Thumb Code     0  startup_stm32g431xx.o(.text)
    I2C3_ER_IRQHandler                       0x08000207   Thumb Code     0  startup_stm32g431xx.o(.text)
    I2C3_EV_IRQHandler                       0x08000207   Thumb Code     0  startup_stm32g431xx.o(.text)
    LPTIM1_IRQHandler                        0x08000207   Thumb Code     0  startup_stm32g431xx.o(.text)
    LPUART1_IRQHandler                       0x08000207   Thumb Code     0  startup_stm32g431xx.o(.text)
    PVD_PVM_IRQHandler                       0x08000207   Thumb Code     0  startup_stm32g431xx.o(.text)
    RCC_IRQHandler                           0x08000207   Thumb Code     0  startup_stm32g431xx.o(.text)
    RNG_IRQHandler                           0x08000207   Thumb Code     0  startup_stm32g431xx.o(.text)
    RTC_Alarm_IRQHandler                     0x08000207   Thumb Code     0  startup_stm32g431xx.o(.text)
    RTC_TAMP_LSECSS_IRQHandler               0x08000207   Thumb Code     0  startup_stm32g431xx.o(.text)
    RTC_WKUP_IRQHandler                      0x08000207   Thumb Code     0  startup_stm32g431xx.o(.text)
    SAI1_IRQHandler                          0x08000207   Thumb Code     0  startup_stm32g431xx.o(.text)
    SPI1_IRQHandler                          0x08000207   Thumb Code     0  startup_stm32g431xx.o(.text)
    SPI2_IRQHandler                          0x08000207   Thumb Code     0  startup_stm32g431xx.o(.text)
    SPI3_IRQHandler                          0x08000207   Thumb Code     0  startup_stm32g431xx.o(.text)
    TIM1_BRK_TIM15_IRQHandler                0x08000207   Thumb Code     0  startup_stm32g431xx.o(.text)
    TIM1_CC_IRQHandler                       0x08000207   Thumb Code     0  startup_stm32g431xx.o(.text)
    TIM1_TRG_COM_TIM17_IRQHandler            0x08000207   Thumb Code     0  startup_stm32g431xx.o(.text)
    TIM1_UP_TIM16_IRQHandler                 0x08000207   Thumb Code     0  startup_stm32g431xx.o(.text)
    TIM2_IRQHandler                          0x08000207   Thumb Code     0  startup_stm32g431xx.o(.text)
    TIM3_IRQHandler                          0x08000207   Thumb Code     0  startup_stm32g431xx.o(.text)
    TIM4_IRQHandler                          0x08000207   Thumb Code     0  startup_stm32g431xx.o(.text)
    TIM7_DAC_IRQHandler                      0x08000207   Thumb Code     0  startup_stm32g431xx.o(.text)
    TIM8_BRK_IRQHandler                      0x08000207   Thumb Code     0  startup_stm32g431xx.o(.text)
    TIM8_CC_IRQHandler                       0x08000207   Thumb Code     0  startup_stm32g431xx.o(.text)
    TIM8_TRG_COM_IRQHandler                  0x08000207   Thumb Code     0  startup_stm32g431xx.o(.text)
    TIM8_UP_IRQHandler                       0x08000207   Thumb Code     0  startup_stm32g431xx.o(.text)
    UART4_IRQHandler                         0x08000207   Thumb Code     0  startup_stm32g431xx.o(.text)
    UCPD1_IRQHandler                         0x08000207   Thumb Code     0  startup_stm32g431xx.o(.text)
    USART2_IRQHandler                        0x08000207   Thumb Code     0  startup_stm32g431xx.o(.text)
    USART3_IRQHandler                        0x08000207   Thumb Code     0  startup_stm32g431xx.o(.text)
    USBWakeUp_IRQHandler                     0x08000207   Thumb Code     0  startup_stm32g431xx.o(.text)
    USB_HP_IRQHandler                        0x08000207   Thumb Code     0  startup_stm32g431xx.o(.text)
    USB_LP_IRQHandler                        0x08000207   Thumb Code     0  startup_stm32g431xx.o(.text)
    WWDG_IRQHandler                          0x08000207   Thumb Code     0  startup_stm32g431xx.o(.text)
    __aeabi_uldivmod                         0x08000211   Thumb Code    98  uldiv.o(.text)
    __aeabi_memset                           0x08000273   Thumb Code    14  memseta.o(.text)
    __aeabi_memset4                          0x08000273   Thumb Code     0  memseta.o(.text)
    __aeabi_memset8                          0x08000273   Thumb Code     0  memseta.o(.text)
    __aeabi_memclr                           0x08000281   Thumb Code     4  memseta.o(.text)
    __aeabi_memclr4                          0x08000281   Thumb Code     0  memseta.o(.text)
    __aeabi_memclr8                          0x08000281   Thumb Code     0  memseta.o(.text)
    _memset$wrapper                          0x08000285   Thumb Code    18  memseta.o(.text)
    strcmp                                   0x08000297   Thumb Code    28  strcmp.o(.text)
    __0sscanf                                0x080002b5   Thumb Code    48  __0sscanf.o(.text)
    _scanf_int                               0x080002ed   Thumb Code   332  _scanf_int.o(.text)
    __aeabi_dmul                             0x08000439   Thumb Code   228  dmul.o(.text)
    __aeabi_i2d                              0x0800051d   Thumb Code    34  dflti.o(.text)
    __aeabi_d2iz                             0x0800053f   Thumb Code    62  dfixi.o(.text)
    __aeabi_uidiv                            0x0800057d   Thumb Code     0  uidiv.o(.text)
    __aeabi_uidivmod                         0x0800057d   Thumb Code    44  uidiv.o(.text)
    __aeabi_llsl                             0x080005a9   Thumb Code    30  llshl.o(.text)
    _ll_shift_l                              0x080005a9   Thumb Code     0  llshl.o(.text)
    __aeabi_llsr                             0x080005c7   Thumb Code    32  llushr.o(.text)
    _ll_ushift_r                             0x080005c7   Thumb Code     0  llushr.o(.text)
    _chval                                   0x080005e7   Thumb Code    28  _chval.o(.text)
    __vfscanf_char                           0x08000611   Thumb Code    20  scanf_char.o(.text)
    _sgetc                                   0x0800062d   Thumb Code    30  _sgetc.o(.text)
    _sbackspace                              0x0800064b   Thumb Code    34  _sgetc.o(.text)
    __I$use$fp                               0x0800066d   Thumb Code     0  iusefp.o(.text)
    _double_round                            0x0800066d   Thumb Code    30  depilogue.o(.text)
    _double_epilogue                         0x0800068b   Thumb Code   156  depilogue.o(.text)
    __scatterload                            0x08000729   Thumb Code    28  init.o(.text)
    __scatterload_rt2                        0x08000729   Thumb Code     0  init.o(.text)
    isspace                                  0x0800074d   Thumb Code    10  isspace_c.o(.text)
    __vfscanf                                0x08000759   Thumb Code   808  _scanf.o(.text)
    __ctype_lookup                           0x08000a85   Thumb Code    34  ctype_c.o(.text)
    __decompress                             0x08000aad   Thumb Code     0  __dczerorl2.o(.text)
    __decompress1                            0x08000aad   Thumb Code    86  __dczerorl2.o(.text)
    ADC_Enable                               0x08000b05   Thumb Code   100  stm32g4xx_hal_adc.o(i.ADC_Enable)
    BusFault_Handler                         0x08000b6d   Thumb Code     2  stm32g4xx_it.o(i.BusFault_Handler)
    DebugMon_Handler                         0x08000b6f   Thumb Code     2  stm32g4xx_it.o(i.DebugMon_Handler)
    Delay_LCD                                0x08000b71   Thumb Code    28  lcd.o(i.Delay_LCD)
    Error_Handler                            0x08000b8d   Thumb Code     2  main.o(i.Error_Handler)
    HAL_ADCEx_MultiModeConfigChannel         0x08000b91   Thumb Code   204  stm32g4xx_hal_adc_ex.o(i.HAL_ADCEx_MultiModeConfigChannel)
    HAL_ADC_ConfigChannel                    0x08000c65   Thumb Code  1004  stm32g4xx_hal_adc.o(i.HAL_ADC_ConfigChannel)
    HAL_ADC_GetValue                         0x08001085   Thumb Code     6  stm32g4xx_hal_adc.o(i.HAL_ADC_GetValue)
    HAL_ADC_Init                             0x0800108d   Thumb Code   472  stm32g4xx_hal_adc.o(i.HAL_ADC_Init)
    HAL_ADC_MspInit                          0x08001285   Thumb Code   146  adc.o(i.HAL_ADC_MspInit)
    HAL_ADC_Start                            0x08001329   Thumb Code   230  stm32g4xx_hal_adc.o(i.HAL_ADC_Start)
    HAL_DMA_Abort_IT                         0x0800141d   Thumb Code   120  stm32g4xx_hal_dma.o(i.HAL_DMA_Abort_IT)
    HAL_Delay                                0x08001495   Thumb Code    32  stm32g4xx_hal.o(i.HAL_Delay)
    HAL_GPIO_Init                            0x080014b9   Thumb Code   422  stm32g4xx_hal_gpio.o(i.HAL_GPIO_Init)
    HAL_GPIO_ReadPin                         0x08001681   Thumb Code    10  stm32g4xx_hal_gpio.o(i.HAL_GPIO_ReadPin)
    HAL_GPIO_WritePin                        0x0800168b   Thumb Code    10  stm32g4xx_hal_gpio.o(i.HAL_GPIO_WritePin)
    HAL_GetTick                              0x08001695   Thumb Code     6  stm32g4xx_hal.o(i.HAL_GetTick)
    HAL_IncTick                              0x080016a1   Thumb Code    12  stm32g4xx_hal.o(i.HAL_IncTick)
    HAL_Init                                 0x080016b1   Thumb Code    30  stm32g4xx_hal.o(i.HAL_Init)
    HAL_InitTick                             0x080016d1   Thumb Code    58  stm32g4xx_hal.o(i.HAL_InitTick)
    HAL_MspInit                              0x08001715   Thumb Code    48  stm32g4xx_hal_msp.o(i.HAL_MspInit)
    HAL_NVIC_EnableIRQ                       0x0800174d   Thumb Code    26  stm32g4xx_hal_cortex.o(i.HAL_NVIC_EnableIRQ)
    HAL_NVIC_SetPriority                     0x08001769   Thumb Code    60  stm32g4xx_hal_cortex.o(i.HAL_NVIC_SetPriority)
    HAL_NVIC_SetPriorityGrouping             0x080017a9   Thumb Code    26  stm32g4xx_hal_cortex.o(i.HAL_NVIC_SetPriorityGrouping)
    HAL_PWREx_ControlVoltageScaling          0x080017cd   Thumb Code   174  stm32g4xx_hal_pwr_ex.o(i.HAL_PWREx_ControlVoltageScaling)
    HAL_RCCEx_PeriphCLKConfig                0x08001889   Thumb Code   638  stm32g4xx_hal_rcc_ex.o(i.HAL_RCCEx_PeriphCLKConfig)
    HAL_RCC_ClockConfig                      0x08001b11   Thumb Code   444  stm32g4xx_hal_rcc.o(i.HAL_RCC_ClockConfig)
    HAL_RCC_GetPCLK1Freq                     0x08001ced   Thumb Code    24  stm32g4xx_hal_rcc.o(i.HAL_RCC_GetPCLK1Freq)
    HAL_RCC_GetPCLK2Freq                     0x08001d11   Thumb Code    24  stm32g4xx_hal_rcc.o(i.HAL_RCC_GetPCLK2Freq)
    HAL_RCC_GetSysClockFreq                  0x08001d35   Thumb Code    98  stm32g4xx_hal_rcc.o(i.HAL_RCC_GetSysClockFreq)
    HAL_RCC_OscConfig                        0x08001da5   Thumb Code  1036  stm32g4xx_hal_rcc.o(i.HAL_RCC_OscConfig)
    HAL_RTC_GetDate                          0x080021b1   Thumb Code    62  stm32g4xx_hal_rtc.o(i.HAL_RTC_GetDate)
    HAL_RTC_GetTime                          0x080021f9   Thumb Code    82  stm32g4xx_hal_rtc.o(i.HAL_RTC_GetTime)
    HAL_RTC_Init                             0x08002255   Thumb Code   138  stm32g4xx_hal_rtc.o(i.HAL_RTC_Init)
    HAL_RTC_MspInit                          0x080022e9   Thumb Code    22  rtc.o(i.HAL_RTC_MspInit)
    HAL_RTC_SetDate                          0x08002309   Thumb Code   158  stm32g4xx_hal_rtc.o(i.HAL_RTC_SetDate)
    HAL_RTC_SetTime                          0x080023b1   Thumb Code   200  stm32g4xx_hal_rtc.o(i.HAL_RTC_SetTime)
    HAL_RTC_WaitForSynchro                   0x08002481   Thumb Code    48  stm32g4xx_hal_rtc.o(i.HAL_RTC_WaitForSynchro)
    HAL_SYSTICK_Config                       0x080024b5   Thumb Code    40  stm32g4xx_hal_cortex.o(i.HAL_SYSTICK_Config)
    HAL_TIMEx_Break2Callback                 0x080024dd   Thumb Code     2  stm32g4xx_hal_tim_ex.o(i.HAL_TIMEx_Break2Callback)
    HAL_TIMEx_BreakCallback                  0x080024df   Thumb Code     2  stm32g4xx_hal_tim_ex.o(i.HAL_TIMEx_BreakCallback)
    HAL_TIMEx_CommutCallback                 0x080024e1   Thumb Code     2  stm32g4xx_hal_tim_ex.o(i.HAL_TIMEx_CommutCallback)
    HAL_TIMEx_DirectionChangeCallback        0x080024e3   Thumb Code     2  stm32g4xx_hal_tim_ex.o(i.HAL_TIMEx_DirectionChangeCallback)
    HAL_TIMEx_EncoderIndexCallback           0x080024e5   Thumb Code     2  stm32g4xx_hal_tim_ex.o(i.HAL_TIMEx_EncoderIndexCallback)
    HAL_TIMEx_IndexErrorCallback             0x080024e7   Thumb Code     2  stm32g4xx_hal_tim_ex.o(i.HAL_TIMEx_IndexErrorCallback)
    HAL_TIMEx_MasterConfigSynchronization    0x080024e9   Thumb Code   132  stm32g4xx_hal_tim_ex.o(i.HAL_TIMEx_MasterConfigSynchronization)
    HAL_TIMEx_TransitionErrorCallback        0x08002585   Thumb Code     2  stm32g4xx_hal_tim_ex.o(i.HAL_TIMEx_TransitionErrorCallback)
    HAL_TIM_Base_Init                        0x08002587   Thumb Code    98  stm32g4xx_hal_tim.o(i.HAL_TIM_Base_Init)
    HAL_TIM_Base_MspInit                     0x080025e9   Thumb Code    86  tim.o(i.HAL_TIM_Base_MspInit)
    HAL_TIM_Base_Start_IT                    0x0800264d   Thumb Code    58  stm32g4xx_hal_tim.o(i.HAL_TIM_Base_Start_IT)
    HAL_TIM_IC_CaptureCallback               0x0800268d   Thumb Code     2  stm32g4xx_hal_tim.o(i.HAL_TIM_IC_CaptureCallback)
    HAL_TIM_IRQHandler                       0x0800268f   Thumb Code   508  stm32g4xx_hal_tim.o(i.HAL_TIM_IRQHandler)
    HAL_TIM_OC_DelayElapsedCallback          0x0800288b   Thumb Code     2  stm32g4xx_hal_tim.o(i.HAL_TIM_OC_DelayElapsedCallback)
    HAL_TIM_PWM_PulseFinishedCallback        0x0800288d   Thumb Code     2  stm32g4xx_hal_tim.o(i.HAL_TIM_PWM_PulseFinishedCallback)
    HAL_TIM_PeriodElapsedCallback            0x08002891   Thumb Code   188  interrupt.o(i.HAL_TIM_PeriodElapsedCallback)
    HAL_TIM_TriggerCallback                  0x08002959   Thumb Code     2  stm32g4xx_hal_tim.o(i.HAL_TIM_TriggerCallback)
    HAL_UARTEx_DisableFifoMode               0x0800295b   Thumb Code    62  stm32g4xx_hal_uart_ex.o(i.HAL_UARTEx_DisableFifoMode)
    HAL_UARTEx_RxFifoFullCallback            0x08002999   Thumb Code     2  stm32g4xx_hal_uart_ex.o(i.HAL_UARTEx_RxFifoFullCallback)
    HAL_UARTEx_SetRxFifoThreshold            0x0800299b   Thumb Code    76  stm32g4xx_hal_uart_ex.o(i.HAL_UARTEx_SetRxFifoThreshold)
    HAL_UARTEx_SetTxFifoThreshold            0x080029e7   Thumb Code    76  stm32g4xx_hal_uart_ex.o(i.HAL_UARTEx_SetTxFifoThreshold)
    HAL_UARTEx_TxFifoEmptyCallback           0x08002a33   Thumb Code     2  stm32g4xx_hal_uart_ex.o(i.HAL_UARTEx_TxFifoEmptyCallback)
    HAL_UARTEx_WakeupCallback                0x08002a35   Thumb Code     2  stm32g4xx_hal_uart_ex.o(i.HAL_UARTEx_WakeupCallback)
    HAL_UART_ErrorCallback                   0x08002a37   Thumb Code     2  stm32g4xx_hal_uart.o(i.HAL_UART_ErrorCallback)
    HAL_UART_IRQHandler                      0x08002a39   Thumb Code   404  stm32g4xx_hal_uart.o(i.HAL_UART_IRQHandler)
    HAL_UART_Init                            0x08002bd5   Thumb Code   106  stm32g4xx_hal_uart.o(i.HAL_UART_Init)
    HAL_UART_MspInit                         0x08002c41   Thumb Code   106  usart.o(i.HAL_UART_MspInit)
    HAL_UART_Receive_IT                      0x08002cb5   Thumb Code   234  stm32g4xx_hal_uart.o(i.HAL_UART_Receive_IT)
    HAL_UART_RxCpltCallback                  0x08002db1   Thumb Code    22  interrupt.o(i.HAL_UART_RxCpltCallback)
    HAL_UART_Transmit                        0x08002dd5   Thumb Code   188  stm32g4xx_hal_uart.o(i.HAL_UART_Transmit)
    HAL_UART_TxCpltCallback                  0x08002e91   Thumb Code     2  stm32g4xx_hal_uart.o(i.HAL_UART_TxCpltCallback)
    HardFault_Handler                        0x08002e93   Thumb Code     2  stm32g4xx_it.o(i.HardFault_Handler)
    KEY_Proc                                 0x08002e95   Thumb Code  1326  main.o(i.KEY_Proc)
    LCD_BusIn                                0x080033c9   Thumb Code    40  lcd.o(i.LCD_BusIn)
    LCD_BusOut                               0x080033f5   Thumb Code    42  lcd.o(i.LCD_BusOut)
    LCD_Clear                                0x08003425   Thumb Code    36  lcd.o(i.LCD_Clear)
    LCD_ClearPrimary                         0x08003449   Thumb Code    70  lcd.o(i.LCD_ClearPrimary)
    LCD_CtrlLinesConfig                      0x080034a9   Thumb Code   136  lcd.o(i.LCD_CtrlLinesConfig)
    LCD_DisplayChar                          0x08003539   Thumb Code    18  lcd.o(i.LCD_DisplayChar)
    LCD_DisplayString                        0x08003551   Thumb Code    44  lcd.o(i.LCD_DisplayString)
    LCD_DisplayStringLine                    0x0800357d   Thumb Code    42  lcd.o(i.LCD_DisplayStringLine)
    LCD_DrawChar                             0x080035a9   Thumb Code    84  lcd.o(i.LCD_DrawChar)
    LCD_DrawLine                             0x08003601   Thumb Code    78  lcd.o(i.LCD_DrawLine)
    LCD_DrawRect                             0x08003655   Thumb Code    64  lcd.o(i.LCD_DrawRect)
    LCD_Init                                 0x08003695   Thumb Code    46  lcd.o(i.LCD_Init)
    LCD_Proc                                 0x080036c9   Thumb Code  2468  main.o(i.LCD_Proc)
    LCD_ReadReg                              0x08004135   Thumb Code   120  lcd.o(i.LCD_ReadReg)
    LCD_SetBackColor                         0x080041b5   Thumb Code    12  lcd.o(i.LCD_SetBackColor)
    LCD_SetCursor                            0x080041c5   Thumb Code    24  lcd.o(i.LCD_SetCursor)
    LCD_SetTextColor                         0x080041dd   Thumb Code    12  lcd.o(i.LCD_SetTextColor)
    LCD_WriteRAM                             0x080041ed   Thumb Code    80  lcd.o(i.LCD_WriteRAM)
    LCD_WriteRAM_Prepare                     0x08004245   Thumb Code    82  lcd.o(i.LCD_WriteRAM_Prepare)
    LCD_WriteReg                             0x080042a1   Thumb Code   100  lcd.o(i.LCD_WriteReg)
    LED_Proc                                 0x0800430d   Thumb Code   376  main.o(i.LED_Proc)
    Line_change_page1                        0x080044e5   Thumb Code   222  lcd.o(i.Line_change_page1)
    Line_change_page5                        0x080045c9   Thumb Code   222  lcd.o(i.Line_change_page5)
    MX_ADC1_Init                             0x080046b1   Thumb Code   132  adc.o(i.MX_ADC1_Init)
    MX_ADC2_Init                             0x0800473d   Thumb Code   108  adc.o(i.MX_ADC2_Init)
    MX_GPIO_Init                             0x080047b5   Thumb Code   280  gpio.o(i.MX_GPIO_Init)
    MX_RTC_Init                              0x080048dd   Thumb Code   136  rtc.o(i.MX_RTC_Init)
    MX_TIM6_Init                             0x0800496d   Thumb Code    62  tim.o(i.MX_TIM6_Init)
    MX_TIM7_Init                             0x080049b5   Thumb Code    64  tim.o(i.MX_TIM7_Init)
    MX_USART1_UART_Init                      0x080049fd   Thumb Code    94  usart.o(i.MX_USART1_UART_Init)
    MemManage_Handler                        0x08004a65   Thumb Code     2  stm32g4xx_it.o(i.MemManage_Handler)
    Myatoi                                   0x08004a69   Thumb Code    32  lcd.o(i.Myatoi)
    NMI_Handler                              0x08004a89   Thumb Code     2  stm32g4xx_it.o(i.NMI_Handler)
    PendSV_Handler                           0x08004a8b   Thumb Code     2  stm32g4xx_it.o(i.PendSV_Handler)
    REG_8230_Init                            0x08004a8d   Thumb Code   274  lcd.o(i.REG_8230_Init)
    REG_932X_Init                            0x08004b9f   Thumb Code   514  lcd.o(i.REG_932X_Init)
    RTC_Bcd2ToByte                           0x08004da1   Thumb Code    18  stm32g4xx_hal_rtc.o(i.RTC_Bcd2ToByte)
    RTC_ByteToBcd2                           0x08004db3   Thumb Code    24  stm32g4xx_hal_rtc.o(i.RTC_ByteToBcd2)
    RTC_EnterInitMode                        0x08004dcd   Thumb Code    72  stm32g4xx_hal_rtc.o(i.RTC_EnterInitMode)
    RTC_ExitInitMode                         0x08004e19   Thumb Code    84  stm32g4xx_hal_rtc.o(i.RTC_ExitInitMode)
    SVC_Handler                              0x08004e71   Thumb Code     2  stm32g4xx_it.o(i.SVC_Handler)
    SysTick_Handler                          0x08004e73   Thumb Code     4  stm32g4xx_it.o(i.SysTick_Handler)
    SystemClock_Config                       0x08004e79   Thumb Code   126  main.o(i.SystemClock_Config)
    SystemInit                               0x08004efd   Thumb Code    22  system_stm32g4xx.o(i.SystemInit)
    TIM6_DAC_IRQHandler                      0x08004f19   Thumb Code     6  stm32g4xx_it.o(i.TIM6_DAC_IRQHandler)
    TIM_Base_SetConfig                       0x08004f25   Thumb Code   146  stm32g4xx_hal_tim.o(i.TIM_Base_SetConfig)
    UART_AdvFeatureConfig                    0x08005039   Thumb Code   200  stm32g4xx_hal_uart.o(i.UART_AdvFeatureConfig)
    UART_CheckIdleState                      0x08005101   Thumb Code    94  stm32g4xx_hal_uart.o(i.UART_CheckIdleState)
    UART_SetConfig                           0x08005399   Thumb Code  1958  stm32g4xx_hal_uart.o(i.UART_SetConfig)
    UART_WaitOnFlagUntilTimeout              0x08005b3f   Thumb Code   100  stm32g4xx_hal_uart.o(i.UART_WaitOnFlagUntilTimeout)
    USART1_IRQHandler                        0x08005ba5   Thumb Code     6  stm32g4xx_it.o(i.USART1_IRQHandler)
    USART_ClearBuff                          0x08005bb1   Thumb Code    22  usart.o(i.USART_ClearBuff)
    USART_Proc                               0x08005bd5   Thumb Code  4718  main.o(i.USART_Proc)
    UsageFault_Handler                       0x08006ed5   Thumb Code     2  stm32g4xx_it.o(i.UsageFault_Handler)
    __0printf$6                              0x08006ed9   Thumb Code    22  printf6.o(i.__0printf$6)
    __1printf$6                              0x08006ed9   Thumb Code     0  printf6.o(i.__0printf$6)
    __2printf                                0x08006ed9   Thumb Code     0  printf6.o(i.__0printf$6)
    __0sprintf$6                             0x08006ef9   Thumb Code    34  printf6.o(i.__0sprintf$6)
    __1sprintf$6                             0x08006ef9   Thumb Code     0  printf6.o(i.__0sprintf$6)
    __2sprintf                               0x08006ef9   Thumb Code     0  printf6.o(i.__0sprintf$6)
    __scatterload_copy                       0x08006f41   Thumb Code    14  handlers.o(i.__scatterload_copy)
    __scatterload_null                       0x08006f4f   Thumb Code     2  handlers.o(i.__scatterload_null)
    __scatterload_zeroinit                   0x08006f51   Thumb Code    14  handlers.o(i.__scatterload_zeroinit)
    fputc                                    0x080072ad   Thumb Code    20  main.o(i.fputc)
    led_ctrl                                 0x080072c5   Thumb Code    54  bsp_led.o(i.led_ctrl)
    led_init                                 0x08007305   Thumb Code    40  bsp_led.o(i.led_init)
    main                                     0x08007335   Thumb Code    98  main.o(i.main)
    AHBPrescTable                            0x080073a4   Data          16  system_stm32g4xx.o(.constdata)
    APBPrescTable                            0x080073b4   Data           8  system_stm32g4xx.o(.constdata)
    ASCII_Table                              0x080073bc   Data        4560  lcd.o(.constdata)
    __ctype_categories                       0x0800858c   Data          64  ctype_c.o(.constdata)
    Region$$Table$$Base                      0x0800861c   Number         0  anon$$obj.o(Region$$Table)
    Region$$Table$$Limit                     0x0800863c   Number         0  anon$$obj.o(Region$$Table)
    lcd_once                                 0x20000000   Data           1  main.o(.data)
    Seting_Time_Ctrl                         0x20000001   Data           1  main.o(.data)
    Once                                     0x20000002   Data           1  main.o(.data)
    Usart_Once                               0x20000003   Data           1  main.o(.data)
    usart_state                              0x20000004   Data           1  main.o(.data)
    Set_House                                0x20000005   Data           1  main.o(.data)
    Ware_Select                              0x20000006   Data           1  main.o(.data)
    abnormal_type                            0x20000007   Data           1  main.o(.data)
    led_once                                 0x20000008   Data           1  main.o(.data)
    jiemian                                  0x20000009   Data           1  main.o(.data)
    Interface_Num                            0x2000000a   Data           1  main.o(.data)
    USATR_CtrlTransmitTimes                  0x2000000b   Data           1  main.o(.data)
    Find_OK                                  0x2000000c   Data           1  main.o(.data)
    alarm_setting                            0x2000000d   Data           1  main.o(.data)
    House_Used_1                             0x2000000e   Data           1  main.o(.data)
    House_Used_2                             0x2000000f   Data           1  main.o(.data)
    House_Used_3                             0x20000010   Data           1  main.o(.data)
    House_Used_4                             0x20000011   Data           1  main.o(.data)
    House_Used_5                             0x20000012   Data           1  main.o(.data)
    House_Used_6                             0x20000013   Data           1  main.o(.data)
    House_Used_7                             0x20000014   Data           1  main.o(.data)
    House_Used_8                             0x20000015   Data           1  main.o(.data)
    House_Used                               0x20000016   Data           1  main.o(.data)
    OutBound_Num                             0x20000017   Data           1  main.o(.data)
    lcdTick                                  0x20000018   Data           4  main.o(.data)
    ledTick                                  0x2000001c   Data           4  main.o(.data)
    usartTick                                0x20000020   Data           4  main.o(.data)
    uwSetingTime_Tick                        0x20000024   Data           4  main.o(.data)
    delayTick                                0x20000028   Data           4  main.o(.data)
    date                                     0x2000002c   Data           4  main.o(.data)
    adc_r37                                  0x20000030   Data           4  main.o(.data)
    adc_r38                                  0x20000034   Data           4  main.o(.data)
    OutBound_Number                          0x20000038   Data           4  main.o(.data)
    uwTickPrio                               0x20000040   Data           4  stm32g4xx_hal.o(.data)
    uwTickFreq                               0x20000044   Data           4  stm32g4xx_hal.o(.data)
    uwTick                                   0x20000048   Data           4  stm32g4xx_hal.o(.data)
    SystemCoreClock                          0x2000004c   Data           4  system_stm32g4xx.o(.data)
    rx_dat                                   0x20000050   Data           1  interrupt.o(.data)
    rx_pointer                               0x20000051   Data           1  interrupt.o(.data)
    line_step                                0x20000054   Data           1  lcd.o(.data)
    line_beg                                 0x20000055   Data           1  lcd.o(.data)
    line_end                                 0x20000056   Data           1  lcd.o(.data)
    line_now                                 0x20000057   Data           1  lcd.o(.data)
    Selcct_Up                                0x20000059   Data           1  lcd.o(.data)
    Selcct_Down                              0x2000005a   Data           1  lcd.o(.data)
    dummy                                    0x20000060   Data           2  lcd.o(.data)
    uwTick_Lcd_Gundong                       0x20000064   Data           4  lcd.o(.data)
    str_page1                                0x20000068   Data          90  lcd.o(.data)
    str_page5                                0x200000c2   Data         180  lcd.o(.data)
    __stdout                                 0x20000178   Data           4  stdout.o(.data)
    lcd_buff                                 0x2000017c   Data          30  main.o(.bss)
    time                                     0x2000019c   Data          20  main.o(.bss)
    search_wares                             0x200001b0   Data          20  main.o(.bss)
    Wares                                    0x200001c4   Data        1088  main.o(.bss)
    OutBound_Name                            0x20000604   Data          20  main.o(.bss)
    hadc1                                    0x20000618   Data         108  adc.o(.bss)
    hadc2                                    0x20000684   Data         108  adc.o(.bss)
    hrtc                                     0x200006f0   Data          40  rtc.o(.bss)
    htim6                                    0x20000718   Data          76  tim.o(.bss)
    htim7                                    0x20000764   Data          76  tim.o(.bss)
    huart1                                   0x200007b0   Data         140  usart.o(.bss)
    key                                      0x2000083c   Data          24  interrupt.o(.bss)
    rx_data                                  0x20000854   Data          30  interrupt.o(.bss)
    __initial_sp                             0x20000c78   Data           0  startup_stm32g431xx.o(STACK)



==============================================================================

Memory Map of the image

  Image Entry point : 0x080001d9

  Load Region LR_IROM1 (Base: 0x08000000, Size: 0x000087b8, Max: 0x00020000, ABSOLUTE, COMPRESSED[0x000086cc])

    Execution Region ER_IROM1 (Exec base: 0x08000000, Load base: 0x08000000, Size: 0x0000863c, Max: 0x00020000, ABSOLUTE)

    Exec Addr    Load Addr    Size         Type   Attr      Idx    E Section Name        Object

    0x08000000   0x08000000   0x000001d8   Data   RO            3    RESET               startup_stm32g431xx.o
    0x080001d8   0x080001d8   0x00000000   Code   RO         5024  * .ARM.Collect$$$$00000000  mc_w.l(entry.o)
    0x080001d8   0x080001d8   0x00000004   Code   RO         5304    .ARM.Collect$$$$00000001  mc_w.l(entry2.o)
    0x080001dc   0x080001dc   0x00000004   Code   RO         5307    .ARM.Collect$$$$00000004  mc_w.l(entry5.o)
    0x080001e0   0x080001e0   0x00000000   Code   RO         5309    .ARM.Collect$$$$00000008  mc_w.l(entry7b.o)
    0x080001e0   0x080001e0   0x00000000   Code   RO         5311    .ARM.Collect$$$$0000000A  mc_w.l(entry8b.o)
    0x080001e0   0x080001e0   0x00000008   Code   RO         5312    .ARM.Collect$$$$0000000B  mc_w.l(entry9a.o)
    0x080001e8   0x080001e8   0x00000000   Code   RO         5314    .ARM.Collect$$$$0000000D  mc_w.l(entry10a.o)
    0x080001e8   0x080001e8   0x00000000   Code   RO         5316    .ARM.Collect$$$$0000000F  mc_w.l(entry11a.o)
    0x080001e8   0x080001e8   0x00000004   Code   RO         5305    .ARM.Collect$$$$00002712  mc_w.l(entry2.o)
    0x080001ec   0x080001ec   0x00000024   Code   RO            4    .text               startup_stm32g431xx.o
    0x08000210   0x08000210   0x00000062   Code   RO         5027    .text               mc_w.l(uldiv.o)
    0x08000272   0x08000272   0x00000024   Code   RO         5029    .text               mc_w.l(memseta.o)
    0x08000296   0x08000296   0x0000001c   Code   RO         5031    .text               mc_w.l(strcmp.o)
    0x080002b2   0x080002b2   0x00000002   PAD
    0x080002b4   0x080002b4   0x00000038   Code   RO         5294    .text               mc_w.l(__0sscanf.o)
    0x080002ec   0x080002ec   0x0000014c   Code   RO         5296    .text               mc_w.l(_scanf_int.o)
    0x08000438   0x08000438   0x000000e4   Code   RO         5298    .text               mf_w.l(dmul.o)
    0x0800051c   0x0800051c   0x00000022   Code   RO         5300    .text               mf_w.l(dflti.o)
    0x0800053e   0x0800053e   0x0000003e   Code   RO         5302    .text               mf_w.l(dfixi.o)
    0x0800057c   0x0800057c   0x0000002c   Code   RO         5319    .text               mc_w.l(uidiv.o)
    0x080005a8   0x080005a8   0x0000001e   Code   RO         5321    .text               mc_w.l(llshl.o)
    0x080005c6   0x080005c6   0x00000020   Code   RO         5323    .text               mc_w.l(llushr.o)
    0x080005e6   0x080005e6   0x0000001c   Code   RO         5325    .text               mc_w.l(_chval.o)
    0x08000602   0x08000602   0x00000002   PAD
    0x08000604   0x08000604   0x00000028   Code   RO         5327    .text               mc_w.l(scanf_char.o)
    0x0800062c   0x0800062c   0x00000040   Code   RO         5329    .text               mc_w.l(_sgetc.o)
    0x0800066c   0x0800066c   0x00000000   Code   RO         5331    .text               mc_w.l(iusefp.o)
    0x0800066c   0x0800066c   0x000000ba   Code   RO         5332    .text               mf_w.l(depilogue.o)
    0x08000726   0x08000726   0x00000002   PAD
    0x08000728   0x08000728   0x00000024   Code   RO         5342    .text               mc_w.l(init.o)
    0x0800074c   0x0800074c   0x0000000a   Code   RO         5346    .text               mc_w.l(isspace_c.o)
    0x08000756   0x08000756   0x00000002   PAD
    0x08000758   0x08000758   0x0000032c   Code   RO         5348    .text               mc_w.l(_scanf.o)
    0x08000a84   0x08000a84   0x00000028   Code   RO         5350    .text               mc_w.l(ctype_c.o)
    0x08000aac   0x08000aac   0x00000056   Code   RO         5361    .text               mc_w.l(__dczerorl2.o)
    0x08000b02   0x08000b02   0x00000002   PAD
    0x08000b04   0x08000b04   0x00000068   Code   RO          765    i.ADC_Enable        stm32g4xx_hal_adc.o
    0x08000b6c   0x08000b6c   0x00000002   Code   RO          457    i.BusFault_Handler  stm32g4xx_it.o
    0x08000b6e   0x08000b6e   0x00000002   Code   RO          458    i.DebugMon_Handler  stm32g4xx_it.o
    0x08000b70   0x08000b70   0x0000001c   Code   RO         4779    i.Delay_LCD         lcd.o
    0x08000b8c   0x08000b8c   0x00000002   Code   RO           13    i.Error_Handler     main.o
    0x08000b8e   0x08000b8e   0x00000002   PAD
    0x08000b90   0x08000b90   0x000000d4   Code   RO         1015    i.HAL_ADCEx_MultiModeConfigChannel  stm32g4xx_hal_adc_ex.o
    0x08000c64   0x08000c64   0x00000420   Code   RO          767    i.HAL_ADC_ConfigChannel  stm32g4xx_hal_adc.o
    0x08001084   0x08001084   0x00000006   Code   RO          774    i.HAL_ADC_GetValue  stm32g4xx_hal_adc.o
    0x0800108a   0x0800108a   0x00000002   PAD
    0x0800108c   0x0800108c   0x000001f8   Code   RO          776    i.HAL_ADC_Init      stm32g4xx_hal_adc.o
    0x08001284   0x08001284   0x000000a4   Code   RO          270    i.HAL_ADC_MspInit   adc.o
    0x08001328   0x08001328   0x000000f4   Code   RO          782    i.HAL_ADC_Start     stm32g4xx_hal_adc.o
    0x0800141c   0x0800141c   0x00000078   Code   RO         1978    i.HAL_DMA_Abort_IT  stm32g4xx_hal_dma.o
    0x08001494   0x08001494   0x00000024   Code   RO         1214    i.HAL_Delay         stm32g4xx_hal.o
    0x080014b8   0x080014b8   0x000001c8   Code   RO          697    i.HAL_GPIO_Init     stm32g4xx_hal_gpio.o
    0x08001680   0x08001680   0x0000000a   Code   RO          699    i.HAL_GPIO_ReadPin  stm32g4xx_hal_gpio.o
    0x0800168a   0x0800168a   0x0000000a   Code   RO          701    i.HAL_GPIO_WritePin  stm32g4xx_hal_gpio.o
    0x08001694   0x08001694   0x0000000c   Code   RO         1218    i.HAL_GetTick       stm32g4xx_hal.o
    0x080016a0   0x080016a0   0x00000010   Code   RO         1221    i.HAL_IncTick       stm32g4xx_hal.o
    0x080016b0   0x080016b0   0x0000001e   Code   RO         1222    i.HAL_Init          stm32g4xx_hal.o
    0x080016ce   0x080016ce   0x00000002   PAD
    0x080016d0   0x080016d0   0x00000044   Code   RO         1223    i.HAL_InitTick      stm32g4xx_hal.o
    0x08001714   0x08001714   0x00000038   Code   RO          667    i.HAL_MspInit       stm32g4xx_hal_msp.o
    0x0800174c   0x0800174c   0x0000001a   Code   RO         2486    i.HAL_NVIC_EnableIRQ  stm32g4xx_hal_cortex.o
    0x08001766   0x08001766   0x00000002   PAD
    0x08001768   0x08001768   0x00000040   Code   RO         2492    i.HAL_NVIC_SetPriority  stm32g4xx_hal_cortex.o
    0x080017a8   0x080017a8   0x00000024   Code   RO         2493    i.HAL_NVIC_SetPriorityGrouping  stm32g4xx_hal_cortex.o
    0x080017cc   0x080017cc   0x000000bc   Code   RO         2242    i.HAL_PWREx_ControlVoltageScaling  stm32g4xx_hal_pwr_ex.o
    0x08001888   0x08001888   0x00000288   Code   RO         1567    i.HAL_RCCEx_PeriphCLKConfig  stm32g4xx_hal_rcc_ex.o
    0x08001b10   0x08001b10   0x000001dc   Code   RO         1442    i.HAL_RCC_ClockConfig  stm32g4xx_hal_rcc.o
    0x08001cec   0x08001cec   0x00000024   Code   RO         1450    i.HAL_RCC_GetPCLK1Freq  stm32g4xx_hal_rcc.o
    0x08001d10   0x08001d10   0x00000024   Code   RO         1451    i.HAL_RCC_GetPCLK2Freq  stm32g4xx_hal_rcc.o
    0x08001d34   0x08001d34   0x00000070   Code   RO         1452    i.HAL_RCC_GetSysClockFreq  stm32g4xx_hal_rcc.o
    0x08001da4   0x08001da4   0x0000040c   Code   RO         1455    i.HAL_RCC_OscConfig  stm32g4xx_hal_rcc.o
    0x080021b0   0x080021b0   0x00000048   Code   RO         2621    i.HAL_RTC_GetDate   stm32g4xx_hal_rtc.o
    0x080021f8   0x080021f8   0x0000005c   Code   RO         2623    i.HAL_RTC_GetTime   stm32g4xx_hal_rtc.o
    0x08002254   0x08002254   0x00000094   Code   RO         2624    i.HAL_RTC_Init      stm32g4xx_hal_rtc.o
    0x080022e8   0x080022e8   0x00000020   Code   RO          319    i.HAL_RTC_MspInit   rtc.o
    0x08002308   0x08002308   0x000000a8   Code   RO         2630    i.HAL_RTC_SetDate   stm32g4xx_hal_rtc.o
    0x080023b0   0x080023b0   0x000000d0   Code   RO         2631    i.HAL_RTC_SetTime   stm32g4xx_hal_rtc.o
    0x08002480   0x08002480   0x00000034   Code   RO         2632    i.HAL_RTC_WaitForSynchro  stm32g4xx_hal_rtc.o
    0x080024b4   0x080024b4   0x00000028   Code   RO         2497    i.HAL_SYSTICK_Config  stm32g4xx_hal_cortex.o
    0x080024dc   0x080024dc   0x00000002   Code   RO         3757    i.HAL_TIMEx_Break2Callback  stm32g4xx_hal_tim_ex.o
    0x080024de   0x080024de   0x00000002   Code   RO         3758    i.HAL_TIMEx_BreakCallback  stm32g4xx_hal_tim_ex.o
    0x080024e0   0x080024e0   0x00000002   Code   RO         3759    i.HAL_TIMEx_CommutCallback  stm32g4xx_hal_tim_ex.o
    0x080024e2   0x080024e2   0x00000002   Code   RO         3770    i.HAL_TIMEx_DirectionChangeCallback  stm32g4xx_hal_tim_ex.o
    0x080024e4   0x080024e4   0x00000002   Code   RO         3784    i.HAL_TIMEx_EncoderIndexCallback  stm32g4xx_hal_tim_ex.o
    0x080024e6   0x080024e6   0x00000002   Code   RO         3798    i.HAL_TIMEx_IndexErrorCallback  stm32g4xx_hal_tim_ex.o
    0x080024e8   0x080024e8   0x0000009c   Code   RO         3799    i.HAL_TIMEx_MasterConfigSynchronization  stm32g4xx_hal_tim_ex.o
    0x08002584   0x08002584   0x00000002   Code   RO         3820    i.HAL_TIMEx_TransitionErrorCallback  stm32g4xx_hal_tim_ex.o
    0x08002586   0x08002586   0x00000062   Code   RO         3043    i.HAL_TIM_Base_Init  stm32g4xx_hal_tim.o
    0x080025e8   0x080025e8   0x00000064   Code   RO          361    i.HAL_TIM_Base_MspInit  tim.o
    0x0800264c   0x0800264c   0x00000040   Code   RO         3048    i.HAL_TIM_Base_Start_IT  stm32g4xx_hal_tim.o
    0x0800268c   0x0800268c   0x00000002   Code   RO         3077    i.HAL_TIM_IC_CaptureCallback  stm32g4xx_hal_tim.o
    0x0800268e   0x0800268e   0x000001fc   Code   RO         3091    i.HAL_TIM_IRQHandler  stm32g4xx_hal_tim.o
    0x0800288a   0x0800288a   0x00000002   Code   RO         3094    i.HAL_TIM_OC_DelayElapsedCallback  stm32g4xx_hal_tim.o
    0x0800288c   0x0800288c   0x00000002   Code   RO         3121    i.HAL_TIM_PWM_PulseFinishedCallback  stm32g4xx_hal_tim.o
    0x0800288e   0x0800288e   0x00000002   PAD
    0x08002890   0x08002890   0x000000c8   Code   RO         4741    i.HAL_TIM_PeriodElapsedCallback  interrupt.o
    0x08002958   0x08002958   0x00000002   Code   RO         3134    i.HAL_TIM_TriggerCallback  stm32g4xx_hal_tim.o
    0x0800295a   0x0800295a   0x0000003e   Code   RO         4567    i.HAL_UARTEx_DisableFifoMode  stm32g4xx_hal_uart_ex.o
    0x08002998   0x08002998   0x00000002   Code   RO         4571    i.HAL_UARTEx_RxFifoFullCallback  stm32g4xx_hal_uart_ex.o
    0x0800299a   0x0800299a   0x0000004c   Code   RO         4572    i.HAL_UARTEx_SetRxFifoThreshold  stm32g4xx_hal_uart_ex.o
    0x080029e6   0x080029e6   0x0000004c   Code   RO         4573    i.HAL_UARTEx_SetTxFifoThreshold  stm32g4xx_hal_uart_ex.o
    0x08002a32   0x08002a32   0x00000002   Code   RO         4575    i.HAL_UARTEx_TxFifoEmptyCallback  stm32g4xx_hal_uart_ex.o
    0x08002a34   0x08002a34   0x00000002   Code   RO         4576    i.HAL_UARTEx_WakeupCallback  stm32g4xx_hal_uart_ex.o
    0x08002a36   0x08002a36   0x00000002   Code   RO         4211    i.HAL_UART_ErrorCallback  stm32g4xx_hal_uart.o
    0x08002a38   0x08002a38   0x0000019c   Code   RO         4214    i.HAL_UART_IRQHandler  stm32g4xx_hal_uart.o
    0x08002bd4   0x08002bd4   0x0000006a   Code   RO         4215    i.HAL_UART_Init     stm32g4xx_hal_uart.o
    0x08002c3e   0x08002c3e   0x00000002   PAD
    0x08002c40   0x08002c40   0x00000074   Code   RO          409    i.HAL_UART_MspInit  usart.o
    0x08002cb4   0x08002cb4   0x000000fc   Code   RO         4220    i.HAL_UART_Receive_IT  stm32g4xx_hal_uart.o
    0x08002db0   0x08002db0   0x00000024   Code   RO         4742    i.HAL_UART_RxCpltCallback  interrupt.o
    0x08002dd4   0x08002dd4   0x000000bc   Code   RO         4223    i.HAL_UART_Transmit  stm32g4xx_hal_uart.o
    0x08002e90   0x08002e90   0x00000002   Code   RO         4226    i.HAL_UART_TxCpltCallback  stm32g4xx_hal_uart.o
    0x08002e92   0x08002e92   0x00000002   Code   RO          459    i.HardFault_Handler  stm32g4xx_it.o
    0x08002e94   0x08002e94   0x00000534   Code   RO           14    i.KEY_Proc          main.o
    0x080033c8   0x080033c8   0x0000002c   Code   RO         4780    i.LCD_BusIn         lcd.o
    0x080033f4   0x080033f4   0x00000030   Code   RO         4781    i.LCD_BusOut        lcd.o
    0x08003424   0x08003424   0x00000024   Code   RO         4782    i.LCD_Clear         lcd.o
    0x08003448   0x08003448   0x00000060   Code   RO         4784    i.LCD_ClearPrimary  lcd.o
    0x080034a8   0x080034a8   0x00000090   Code   RO         4785    i.LCD_CtrlLinesConfig  lcd.o
    0x08003538   0x08003538   0x00000018   Code   RO         4786    i.LCD_DisplayChar   lcd.o
    0x08003550   0x08003550   0x0000002c   Code   RO         4789    i.LCD_DisplayString  lcd.o
    0x0800357c   0x0800357c   0x0000002a   Code   RO         4790    i.LCD_DisplayStringLine  lcd.o
    0x080035a6   0x080035a6   0x00000002   PAD
    0x080035a8   0x080035a8   0x00000058   Code   RO         4791    i.LCD_DrawChar      lcd.o
    0x08003600   0x08003600   0x00000054   Code   RO         4793    i.LCD_DrawLine      lcd.o
    0x08003654   0x08003654   0x00000040   Code   RO         4796    i.LCD_DrawRect      lcd.o
    0x08003694   0x08003694   0x00000034   Code   RO         4797    i.LCD_Init          lcd.o
    0x080036c8   0x080036c8   0x00000a6c   Code   RO           15    i.LCD_Proc          main.o
    0x08004134   0x08004134   0x00000080   Code   RO         4800    i.LCD_ReadReg       lcd.o
    0x080041b4   0x080041b4   0x00000010   Code   RO         4802    i.LCD_SetBackColor  lcd.o
    0x080041c4   0x080041c4   0x00000018   Code   RO         4803    i.LCD_SetCursor     lcd.o
    0x080041dc   0x080041dc   0x00000010   Code   RO         4805    i.LCD_SetTextColor  lcd.o
    0x080041ec   0x080041ec   0x00000058   Code   RO         4808    i.LCD_WriteRAM      lcd.o
    0x08004244   0x08004244   0x0000005c   Code   RO         4809    i.LCD_WriteRAM_Prepare  lcd.o
    0x080042a0   0x080042a0   0x0000006c   Code   RO         4810    i.LCD_WriteReg      lcd.o
    0x0800430c   0x0800430c   0x00000184   Code   RO           16    i.LED_Proc          main.o
    0x08004490   0x08004490   0x0000000c   Code   RO          790    i.LL_ADC_GetOffsetChannel  stm32g4xx_hal_adc.o
    0x0800449c   0x0800449c   0x00000008   Code   RO          791    i.LL_ADC_INJ_IsConversionOngoing  stm32g4xx_hal_adc.o
    0x080044a4   0x080044a4   0x00000008   Code   RO          792    i.LL_ADC_REG_IsConversionOngoing  stm32g4xx_hal_adc.o
    0x080044ac   0x080044ac   0x00000008   Code   RO         1025    i.LL_ADC_REG_IsConversionOngoing  stm32g4xx_hal_adc_ex.o
    0x080044b4   0x080044b4   0x0000001e   Code   RO          795    i.LL_ADC_SetChannelSamplingTime  stm32g4xx_hal_adc.o
    0x080044d2   0x080044d2   0x00000010   Code   RO          796    i.LL_ADC_SetOffsetState  stm32g4xx_hal_adc.o
    0x080044e2   0x080044e2   0x00000002   PAD
    0x080044e4   0x080044e4   0x000000e4   Code   RO         4811    i.Line_change_page1  lcd.o
    0x080045c8   0x080045c8   0x000000e8   Code   RO         4812    i.Line_change_page5  lcd.o
    0x080046b0   0x080046b0   0x0000008c   Code   RO          271    i.MX_ADC1_Init      adc.o
    0x0800473c   0x0800473c   0x00000078   Code   RO          272    i.MX_ADC2_Init      adc.o
    0x080047b4   0x080047b4   0x00000128   Code   RO          245    i.MX_GPIO_Init      gpio.o
    0x080048dc   0x080048dc   0x00000090   Code   RO          320    i.MX_RTC_Init       rtc.o
    0x0800496c   0x0800496c   0x00000048   Code   RO          362    i.MX_TIM6_Init      tim.o
    0x080049b4   0x080049b4   0x00000048   Code   RO          363    i.MX_TIM7_Init      tim.o
    0x080049fc   0x080049fc   0x00000068   Code   RO          410    i.MX_USART1_UART_Init  usart.o
    0x08004a64   0x08004a64   0x00000002   Code   RO          460    i.MemManage_Handler  stm32g4xx_it.o
    0x08004a66   0x08004a66   0x00000002   PAD
    0x08004a68   0x08004a68   0x00000020   Code   RO         4813    i.Myatoi            lcd.o
    0x08004a88   0x08004a88   0x00000002   Code   RO          461    i.NMI_Handler       stm32g4xx_it.o
    0x08004a8a   0x08004a8a   0x00000002   Code   RO          462    i.PendSV_Handler    stm32g4xx_it.o
    0x08004a8c   0x08004a8c   0x00000112   Code   RO         4814    i.REG_8230_Init     lcd.o
    0x08004b9e   0x08004b9e   0x00000202   Code   RO         4815    i.REG_932X_Init     lcd.o
    0x08004da0   0x08004da0   0x00000012   Code   RO         2633    i.RTC_Bcd2ToByte    stm32g4xx_hal_rtc.o
    0x08004db2   0x08004db2   0x00000018   Code   RO         2634    i.RTC_ByteToBcd2    stm32g4xx_hal_rtc.o
    0x08004dca   0x08004dca   0x00000002   PAD
    0x08004dcc   0x08004dcc   0x0000004c   Code   RO         2635    i.RTC_EnterInitMode  stm32g4xx_hal_rtc.o
    0x08004e18   0x08004e18   0x00000058   Code   RO         2636    i.RTC_ExitInitMode  stm32g4xx_hal_rtc.o
    0x08004e70   0x08004e70   0x00000002   Code   RO          463    i.SVC_Handler       stm32g4xx_it.o
    0x08004e72   0x08004e72   0x00000004   Code   RO          464    i.SysTick_Handler   stm32g4xx_it.o
    0x08004e76   0x08004e76   0x00000002   PAD
    0x08004e78   0x08004e78   0x00000084   Code   RO           17    i.SystemClock_Config  main.o
    0x08004efc   0x08004efc   0x0000001c   Code   RO         4661    i.SystemInit        system_stm32g4xx.o
    0x08004f18   0x08004f18   0x0000000c   Code   RO          465    i.TIM6_DAC_IRQHandler  stm32g4xx_it.o
    0x08004f24   0x08004f24   0x000000b0   Code   RO         3136    i.TIM_Base_SetConfig  stm32g4xx_hal_tim.o
    0x08004fd4   0x08004fd4   0x00000064   Code   RO         4577    i.UARTEx_SetNbDataToProcess  stm32g4xx_hal_uart_ex.o
    0x08005038   0x08005038   0x000000c8   Code   RO         4228    i.UART_AdvFeatureConfig  stm32g4xx_hal_uart.o
    0x08005100   0x08005100   0x0000005e   Code   RO         4229    i.UART_CheckIdleState  stm32g4xx_hal_uart.o
    0x0800515e   0x0800515e   0x00000014   Code   RO         4230    i.UART_DMAAbortOnError  stm32g4xx_hal_uart.o
    0x08005172   0x08005172   0x00000002   PAD
    0x08005174   0x08005174   0x00000024   Code   RO         4240    i.UART_EndRxTransfer  stm32g4xx_hal_uart.o
    0x08005198   0x08005198   0x0000005e   Code   RO         4242    i.UART_RxISR_16BIT  stm32g4xx_hal_uart.o
    0x080051f6   0x080051f6   0x00000002   PAD
    0x080051f8   0x080051f8   0x000000a0   Code   RO         4243    i.UART_RxISR_16BIT_FIFOEN  stm32g4xx_hal_uart.o
    0x08005298   0x08005298   0x0000005e   Code   RO         4244    i.UART_RxISR_8BIT   stm32g4xx_hal_uart.o
    0x080052f6   0x080052f6   0x00000002   PAD
    0x080052f8   0x080052f8   0x000000a0   Code   RO         4245    i.UART_RxISR_8BIT_FIFOEN  stm32g4xx_hal_uart.o
    0x08005398   0x08005398   0x000007a6   Code   RO         4246    i.UART_SetConfig    stm32g4xx_hal_uart.o
    0x08005b3e   0x08005b3e   0x00000064   Code   RO         4251    i.UART_WaitOnFlagUntilTimeout  stm32g4xx_hal_uart.o
    0x08005ba2   0x08005ba2   0x00000002   PAD
    0x08005ba4   0x08005ba4   0x0000000c   Code   RO          467    i.USART1_IRQHandler  stm32g4xx_it.o
    0x08005bb0   0x08005bb0   0x00000024   Code   RO          411    i.USART_ClearBuff   usart.o
    0x08005bd4   0x08005bd4   0x00001300   Code   RO           18    i.USART_Proc        main.o
    0x08006ed4   0x08006ed4   0x00000002   Code   RO          468    i.UsageFault_Handler  stm32g4xx_it.o
    0x08006ed6   0x08006ed6   0x00000002   PAD
    0x08006ed8   0x08006ed8   0x00000020   Code   RO         5188    i.__0printf$6       mc_w.l(printf6.o)
    0x08006ef8   0x08006ef8   0x00000028   Code   RO         5190    i.__0sprintf$6      mc_w.l(printf6.o)
    0x08006f20   0x08006f20   0x00000020   Code   RO         2499    i.__NVIC_SetPriority  stm32g4xx_hal_cortex.o
    0x08006f40   0x08006f40   0x0000000e   Code   RO         5355    i.__scatterload_copy  mc_w.l(handlers.o)
    0x08006f4e   0x08006f4e   0x00000002   Code   RO         5356    i.__scatterload_null  mc_w.l(handlers.o)
    0x08006f50   0x08006f50   0x0000000e   Code   RO         5357    i.__scatterload_zeroinit  mc_w.l(handlers.o)
    0x08006f5e   0x08006f5e   0x00000002   PAD
    0x08006f60   0x08006f60   0x000002f0   Code   RO         5195    i._printf_core      mc_w.l(printf6.o)
    0x08007250   0x08007250   0x00000024   Code   RO         5196    i._printf_post_padding  mc_w.l(printf6.o)
    0x08007274   0x08007274   0x0000002e   Code   RO         5197    i._printf_pre_padding  mc_w.l(printf6.o)
    0x080072a2   0x080072a2   0x0000000a   Code   RO         5199    i._sputc            mc_w.l(printf6.o)
    0x080072ac   0x080072ac   0x00000018   Code   RO           19    i.fputc             main.o
    0x080072c4   0x080072c4   0x00000040   Code   RO         4699    i.led_ctrl          bsp_led.o
    0x08007304   0x08007304   0x00000030   Code   RO         4700    i.led_init          bsp_led.o
    0x08007334   0x08007334   0x00000070   Code   RO           20    i.main              main.o
    0x080073a4   0x080073a4   0x00000010   Data   RO         4662    .constdata          system_stm32g4xx.o
    0x080073b4   0x080073b4   0x00000008   Data   RO         4663    .constdata          system_stm32g4xx.o
    0x080073bc   0x080073bc   0x000011d0   Data   RO         4817    .constdata          lcd.o
    0x0800858c   0x0800858c   0x00000040   Data   RO         5351    .constdata          mc_w.l(ctype_c.o)
    0x080085cc   0x080085cc   0x00000050   Data   RO           22    .conststring        main.o
    0x0800861c   0x0800861c   0x00000020   Data   RO         5353    Region$$Table       anon$$obj.o


    Execution Region RW_IRAM1 (Exec base: 0x20000000, Load base: 0x0800863c, Size: 0x00000c78, Max: 0x00008000, ABSOLUTE, COMPRESSED[0x00000090])

    Exec Addr    Load Addr    Size         Type   Attr      Idx    E Section Name        Object

    0x20000000   COMPRESSED   0x0000003c   Data   RW           23    .data               main.o
    0x2000003c   COMPRESSED   0x00000004   Data   RW          274    .data               adc.o
    0x20000040   COMPRESSED   0x0000000c   Data   RW         1242    .data               stm32g4xx_hal.o
    0x2000004c   COMPRESSED   0x00000004   Data   RW         4664    .data               system_stm32g4xx.o
    0x20000050   COMPRESSED   0x00000002   Data   RW         4744    .data               interrupt.o
    0x20000052   COMPRESSED   0x00000002   PAD
    0x20000054   COMPRESSED   0x00000122   Data   RW         4818    .data               lcd.o
    0x20000176   COMPRESSED   0x00000002   PAD
    0x20000178   COMPRESSED   0x00000004   Data   RW         5318    .data               mc_w.l(stdout.o)
    0x2000017c        -       0x0000049c   Zero   RW           21    .bss                main.o
    0x20000618        -       0x000000d8   Zero   RW          273    .bss                adc.o
    0x200006f0        -       0x00000028   Zero   RW          321    .bss                rtc.o
    0x20000718        -       0x00000098   Zero   RW          364    .bss                tim.o
    0x200007b0        -       0x0000008c   Zero   RW          412    .bss                usart.o
    0x2000083c        -       0x00000036   Zero   RW         4743    .bss                interrupt.o
    0x20000872   COMPRESSED   0x00000006   PAD
    0x20000878        -       0x00000400   Zero   RW            1    STACK               startup_stm32g431xx.o


==============================================================================

Image component sizes


      Code (inc. data)   RO Data    RW Data    ZI Data      Debug   Object Name

       424         38          0          4        216       2874   adc.o
       112         18          0          0          0       1102   bsp_led.o
       296         16          0          0          0       1199   gpio.o
       236         26          0          2         54       2699   interrupt.o
      2546        124       4560        290          0      20012   lcd.o
      9522       2762         80         60       1180     679455   main.o
       176         18          0          0         40       1835   rtc.o
        36          8        472          0       1024        852   startup_stm32g431xx.o
       162         24          0         12          0       4549   stm32g4xx_hal.o
      1988        102          0          0          0      76219   stm32g4xx_hal_adc.o
       220          8          0          0          0      67783   stm32g4xx_hal_adc_ex.o
       198         14          0          0          0      34139   stm32g4xx_hal_cortex.o
       120          0          0          0          0       1267   stm32g4xx_hal_dma.o
       476         34          0          0          0       3231   stm32g4xx_hal_gpio.o
        56          8          0          0          0       8774   stm32g4xx_hal_msp.o
       188         14          0          0          0        870   stm32g4xx_hal_pwr_ex.o
      1696         92          0          0          0       6168   stm32g4xx_hal_rcc.o
       648         10          0          0          0       1940   stm32g4xx_hal_rcc_ex.o
       946         60          0          0          0       8543   stm32g4xx_hal_rtc.o
       854         36          0          0          0       7237   stm32g4xx_hal_tim.o
       170         24          0          0          0       5680   stm32g4xx_hal_tim_ex.o
      3878        106          0          0          0      15820   stm32g4xx_hal_uart.o
       320         18          0          0          0       5602   stm32g4xx_hal_uart_ex.o
        44         12          0          0          0     690893   stm32g4xx_it.o
        28          6         24          4          0       1231   system_stm32g4xx.o
       244         32          0          0        152       2571   tim.o
       256         34          0          0        140       2692   usart.o

    ----------------------------------------------------------------------
     25872       3644       5168        376       2812    1655237   Object Totals
         0          0         32          0          0          0   (incl. Generated)
        32          0          0          4          6          0   (incl. Padding)

    ----------------------------------------------------------------------

      Code (inc. data)   RO Data    RW Data    ZI Data      Debug   Library Member Name

        56          8          0          0          0         84   __0sscanf.o
        86          0          0          0          0          0   __dczerorl2.o
        28          0          0          0          0         68   _chval.o
       812          4          0          0          0        112   _scanf.o
       332          0          0          0          0         96   _scanf_int.o
        64          0          0          0          0         84   _sgetc.o
        40          6         64          0          0         68   ctype_c.o
         0          0          0          0          0          0   entry.o
         0          0          0          0          0          0   entry10a.o
         0          0          0          0          0          0   entry11a.o
         8          4          0          0          0          0   entry2.o
         4          0          0          0          0          0   entry5.o
         0          0          0          0          0          0   entry7b.o
         0          0          0          0          0          0   entry8b.o
         8          4          0          0          0          0   entry9a.o
        30          0          0          0          0          0   handlers.o
        36          8          0          0          0         68   init.o
        10          0          0          0          0         68   isspace_c.o
         0          0          0          0          0          0   iusefp.o
        30          0          0          0          0         68   llshl.o
        32          0          0          0          0         68   llushr.o
        36          0          0          0          0        108   memseta.o
       916         20          0          0          0        504   printf6.o
        40          8          0          0          0         84   scanf_char.o
         0          0          0          4          0          0   stdout.o
        28          0          0          0          0         76   strcmp.o
        44          0          0          0          0         80   uidiv.o
        98          0          0          0          0         92   uldiv.o
       186          0          0          0          0        176   depilogue.o
        62          0          0          0          0         80   dfixi.o
        34          0          0          0          0         76   dflti.o
       228          0          0          0          0         96   dmul.o

    ----------------------------------------------------------------------
      3260         62         64          4          0       2156   Library Totals
        12          0          0          0          0          0   (incl. Padding)

    ----------------------------------------------------------------------

      Code (inc. data)   RO Data    RW Data    ZI Data      Debug   Library Name

      2738         62         64          4          0       1728   mc_w.l
       510          0          0          0          0        428   mf_w.l

    ----------------------------------------------------------------------
      3260         62         64          4          0       2156   Library Totals

    ----------------------------------------------------------------------

==============================================================================


      Code (inc. data)   RO Data    RW Data    ZI Data      Debug   

     29132       3706       5232        380       2812    1642933   Grand Totals
     29132       3706       5232        144       2812    1642933   ELF Image Totals (compressed)
     29132       3706       5232        144          0          0   ROM Totals

==============================================================================

    Total RO  Size (Code + RO Data)                34364 (  33.56kB)
    Total RW  Size (RW Data + ZI Data)              3192 (   3.12kB)
    Total ROM Size (Code + RO Data + RW Data)      34508 (  33.70kB)

==============================================================================

